Component: ARM Compiler 5.06 update 4 (build 422) Tool: armlink [4d35d2]

==============================================================================

Section Cross References

    main.o(i.main) refers to stm32f4xx_hal.o(i.HAL_Init) for HAL_Init
    main.o(i.main) refers to sys.o(i.Stm32_Clock_Init) for Stm32_Clock_Init
    main.o(i.main) refers to stm32f4xx_hal_gpio.o(i.HAL_GPIO_Init) for HAL_GPIO_Init
    main.o(i.main) refers to stm32f4xx_hal_gpio.o(i.HAL_GPIO_WritePin) for HAL_GPIO_WritePin
    main.o(i.main) refers to main.o(i.Delay) for Delay
    stm32f4xx_it.o(i.SysTick_Handler) refers to stm32f4xx_hal.o(i.HAL_IncTick) for HAL_IncTick
    system_stm32f4xx.o(i.SystemCoreClockUpdate) refers to system_stm32f4xx.o(.data) for SystemCoreClock
    system_stm32f4xx.o(i.SystemCoreClockUpdate) refers to system_stm32f4xx.o(.constdata) for AHBPrescTable
    delay.o(i.delay_init) refers to stm32f4xx_hal_cortex.o(i.HAL_SYSTICK_CLKSourceConfig) for HAL_SYSTICK_CLKSourceConfig
    delay.o(i.delay_init) refers to delay.o(.data) for fac_us
    delay.o(i.delay_ms) refers to delay.o(i.delay_us) for delay_us
    delay.o(i.delay_us) refers to delay.o(.data) for fac_us
    sys.o(i.Stm32_Clock_Init) refers to stm32f4xx_hal_rcc.o(i.HAL_RCC_OscConfig) for HAL_RCC_OscConfig
    sys.o(i.Stm32_Clock_Init) refers to stm32f4xx_hal_rcc.o(i.HAL_RCC_ClockConfig) for HAL_RCC_ClockConfig
    sys.o(i.Stm32_Clock_Init) refers to stm32f4xx_hal.o(i.HAL_GetREVID) for HAL_GetREVID
    usart.o(.rev16_text) refers (Special) to use_no_semi_2.o(.text) for __use_no_semihosting
    usart.o(.revsh_text) refers (Special) to use_no_semi_2.o(.text) for __use_no_semihosting
    usart.o(.rrx_text) refers (Special) to use_no_semi_2.o(.text) for __use_no_semihosting
    usart.o(i.HAL_UART_MspInit) refers (Special) to use_no_semi_2.o(.text) for __use_no_semihosting
    usart.o(i.HAL_UART_MspInit) refers to stm32f4xx_hal_gpio.o(i.HAL_GPIO_Init) for HAL_GPIO_Init
    usart.o(i.HAL_UART_MspInit) refers to stm32f4xx_hal_cortex.o(i.HAL_NVIC_EnableIRQ) for HAL_NVIC_EnableIRQ
    usart.o(i.HAL_UART_MspInit) refers to stm32f4xx_hal_cortex.o(i.HAL_NVIC_SetPriority) for HAL_NVIC_SetPriority
    usart.o(i.HAL_UART_RxCpltCallback) refers (Special) to use_no_semi_2.o(.text) for __use_no_semihosting
    usart.o(i.HAL_UART_RxCpltCallback) refers to usart.o(.data) for USART_RX_STA
    usart.o(i.HAL_UART_RxCpltCallback) refers to usart.o(.bss) for USART_RX_BUF
    usart.o(i.USART1_IRQHandler) refers (Special) to use_no_semi_2.o(.text) for __use_no_semihosting
    usart.o(i.USART1_IRQHandler) refers to stm32f4xx_hal_uart.o(i.HAL_UART_IRQHandler) for HAL_UART_IRQHandler
    usart.o(i.USART1_IRQHandler) refers to stm32f4xx_hal_uart.o(i.HAL_UART_GetState) for HAL_UART_GetState
    usart.o(i.USART1_IRQHandler) refers to stm32f4xx_hal_uart.o(i.HAL_UART_Receive_IT) for HAL_UART_Receive_IT
    usart.o(i.USART1_IRQHandler) refers to usart.o(.bss) for UART1_Handler
    usart.o(i.USART1_IRQHandler) refers to usart.o(.data) for aRxBuffer
    usart.o(i._sys_exit) refers (Special) to use_no_semi_2.o(.text) for __use_no_semihosting
    usart.o(i.fputc) refers (Special) to use_no_semi_2.o(.text) for __use_no_semihosting
    usart.o(i.uart_init) refers (Special) to use_no_semi_2.o(.text) for __use_no_semihosting
    usart.o(i.uart_init) refers to stm32f4xx_hal_uart.o(i.HAL_UART_Init) for HAL_UART_Init
    usart.o(i.uart_init) refers to stm32f4xx_hal_uart.o(i.HAL_UART_Receive_IT) for HAL_UART_Receive_IT
    usart.o(i.uart_init) refers to usart.o(.bss) for UART1_Handler
    usart.o(i.uart_init) refers to usart.o(.data) for aRxBuffer
    usart.o(.bss) refers (Special) to use_no_semi_2.o(.text) for __use_no_semihosting
    usart.o(.data) refers (Special) to use_no_semi_2.o(.text) for __use_no_semihosting
    startup_stm32f407xx.o(STACK) refers (Special) to heapauxi.o(.text) for __use_two_region_memory
    startup_stm32f407xx.o(HEAP) refers (Special) to heapauxi.o(.text) for __use_two_region_memory
    startup_stm32f407xx.o(RESET) refers (Special) to heapauxi.o(.text) for __use_two_region_memory
    startup_stm32f407xx.o(RESET) refers to startup_stm32f407xx.o(STACK) for __initial_sp
    startup_stm32f407xx.o(RESET) refers to startup_stm32f407xx.o(.text) for Reset_Handler
    startup_stm32f407xx.o(RESET) refers to stm32f4xx_it.o(i.NMI_Handler) for NMI_Handler
    startup_stm32f407xx.o(RESET) refers to stm32f4xx_it.o(i.HardFault_Handler) for HardFault_Handler
    startup_stm32f407xx.o(RESET) refers to stm32f4xx_it.o(i.MemManage_Handler) for MemManage_Handler
    startup_stm32f407xx.o(RESET) refers to stm32f4xx_it.o(i.BusFault_Handler) for BusFault_Handler
    startup_stm32f407xx.o(RESET) refers to stm32f4xx_it.o(i.UsageFault_Handler) for UsageFault_Handler
    startup_stm32f407xx.o(RESET) refers to stm32f4xx_it.o(i.SVC_Handler) for SVC_Handler
    startup_stm32f407xx.o(RESET) refers to stm32f4xx_it.o(i.DebugMon_Handler) for DebugMon_Handler
[...]
    Removing stm32f4xx_hal_uart.o(i.HAL_UART_DMAStop), (102 bytes).
    Removing stm32f4xx_hal_uart.o(i.HAL_UART_DeInit), (60 bytes).
    Removing stm32f4xx_hal_uart.o(i.HAL_UART_GetError), (6 bytes).
    Removing stm32f4xx_hal_uart.o(i.HAL_UART_Init), (114 bytes).
    Removing stm32f4xx_hal_uart.o(i.HAL_UART_MspDeInit), (2 bytes).
    Removing stm32f4xx_hal_uart.o(i.HAL_UART_MspInit), (2 bytes).
    Removing stm32f4xx_hal_uart.o(i.HAL_UART_Receive), (220 bytes).
    Removing stm32f4xx_hal_uart.o(i.HAL_UART_Receive_DMA), (66 bytes).
    Removing stm32f4xx_hal_uart.o(i.HAL_UART_RxCpltCallback), (2 bytes).
    Removing stm32f4xx_hal_uart.o(i.HAL_UART_RxHalfCpltCallback), (2 bytes).
    Removing stm32f4xx_hal_uart.o(i.HAL_UART_Transmit), (210 bytes).
    Removing stm32f4xx_hal_uart.o(i.HAL_UART_Transmit_DMA), (156 bytes).
    Removing stm32f4xx_hal_uart.o(i.HAL_UART_Transmit_IT), (88 bytes).
    Removing stm32f4xx_hal_uart.o(i.HAL_UART_TxHalfCpltCallback), (2 bytes).
    Removing stm32f4xx_hal_uart.o(i.UART_DMAError), (80 bytes).
    Removing stm32f4xx_hal_uart.o(i.UART_DMAReceiveCplt), (104 bytes).
    Removing stm32f4xx_hal_uart.o(i.UART_DMARxAbortCallback), (56 bytes).
    Removing stm32f4xx_hal_uart.o(i.UART_DMARxHalfCplt), (32 bytes).
    Removing stm32f4xx_hal_uart.o(i.UART_DMARxOnlyAbortCallback), (28 bytes).
    Removing stm32f4xx_hal_uart.o(i.UART_DMATransmitCplt), (54 bytes).
    Removing stm32f4xx_hal_uart.o(i.UART_DMATxAbortCallback), (56 bytes).
    Removing stm32f4xx_hal_uart.o(i.UART_DMATxHalfCplt), (14 bytes).
    Removing stm32f4xx_hal_uart.o(i.UART_DMATxOnlyAbortCallback), (24 bytes).
    Removing stm32f4xx_hal_uart.o(i.UART_EndTxTransfer), (20 bytes).
    Removing stm32f4xx_hal_uart.o(i.UART_SetConfig), (556 bytes).
    Removing stm32f4xx_hal_uart.o(i.UART_Start_Receive_DMA), (152 bytes).
    Removing stm32f4xx_hal_uart.o(i.UART_WaitOnFlagUntilTimeout), (108 bytes).
    Removing stm32f4xx_hal_usart.o(.rev16_text), (4 bytes).
    Removing stm32f4xx_hal_usart.o(.revsh_text), (4 bytes).
    Removing stm32f4xx_hal_usart.o(.rrx_text), (6 bytes).
    Removing stm32f4xx_hal_usart.o(i.HAL_USART_Abort), (126 bytes).
    Removing stm32f4xx_hal_usart.o(i.HAL_USART_AbortCpltCallback), (2 bytes).
    Removing stm32f4xx_hal_usart.o(i.HAL_USART_Abort_IT), (220 bytes).
    Removing stm32f4xx_hal_usart.o(i.HAL_USART_DMAPause), (50 bytes).
    Removing stm32f4xx_hal_usart.o(i.HAL_USART_DMAResume), (50 bytes).
    Removing stm32f4xx_hal_usart.o(i.HAL_USART_DMAStop), (102 bytes).
    Removing stm32f4xx_hal_usart.o(i.HAL_USART_DeInit), (54 bytes).
    Removing stm32f4xx_hal_usart.o(i.HAL_USART_ErrorCallback), (2 bytes).
    Removing stm32f4xx_hal_usart.o(i.HAL_USART_GetError), (6 bytes).
    Removing stm32f4xx_hal_usart.o(i.HAL_USART_GetState), (8 bytes).
    Removing stm32f4xx_hal_usart.o(i.HAL_USART_IRQHandler), (392 bytes).
    Removing stm32f4xx_hal_usart.o(i.HAL_USART_Init), (90 bytes).
    Removing stm32f4xx_hal_usart.o(i.HAL_USART_MspDeInit), (2 bytes).
    Removing stm32f4xx_hal_usart.o(i.HAL_USART_MspInit), (2 bytes).
    Removing stm32f4xx_hal_usart.o(i.HAL_USART_Receive), (238 bytes).
    Removing stm32f4xx_hal_usart.o(i.HAL_USART_Receive_DMA), (248 bytes).
    Removing stm32f4xx_hal_usart.o(i.HAL_USART_Receive_IT), (108 bytes).
    Removing stm32f4xx_hal_usart.o(i.HAL_USART_RxCpltCallback), (2 bytes).
    Removing stm32f4xx_hal_usart.o(i.HAL_USART_RxHalfCpltCallback), (2 bytes).
    Removing stm32f4xx_hal_usart.o(i.HAL_USART_Transmit), (204 bytes).
    Removing stm32f4xx_hal_usart.o(i.HAL_USART_TransmitReceive), (344 bytes).
    Removing stm32f4xx_hal_usart.o(i.HAL_USART_TransmitReceive_DMA), (268 bytes).
    Removing stm32f4xx_hal_usart.o(i.HAL_USART_TransmitReceive_IT), (132 bytes).
    Removing stm32f4xx_hal_usart.o(i.HAL_USART_Transmit_DMA), (156 bytes).
    Removing stm32f4xx_hal_usart.o(i.HAL_USART_Transmit_IT), (88 bytes).
    Removing stm32f4xx_hal_usart.o(i.HAL_USART_TxCpltCallback), (2 bytes).
    Removing stm32f4xx_hal_usart.o(i.HAL_USART_TxHalfCpltCallback), (2 bytes).
    Removing stm32f4xx_hal_usart.o(i.HAL_USART_TxRxCpltCallback), (2 bytes).
    Removing stm32f4xx_hal_usart.o(i.USART_DMAAbortOnError), (20 bytes).
    Removing stm32f4xx_hal_usart.o(i.USART_DMAError), (84 bytes).
    Removing stm32f4xx_hal_usart.o(i.USART_DMAReceiveCplt), (122 bytes).
    Removing stm32f4xx_hal_usart.o(i.USART_DMARxAbortCallback), (48 bytes).
    Removing stm32f4xx_hal_usart.o(i.USART_DMARxHalfCplt), (14 bytes).
    Removing stm32f4xx_hal_usart.o(i.USART_DMATransmitCplt), (70 bytes).
    Removing stm32f4xx_hal_usart.o(i.USART_DMATxAbortCallback), (48 bytes).
    Removing stm32f4xx_hal_usart.o(i.USART_DMATxHalfCplt), (14 bytes).
    Removing stm32f4xx_hal_usart.o(i.USART_EndRxTransfer), (32 bytes).
    Removing stm32f4xx_hal_usart.o(i.USART_EndTransmit_IT), (44 bytes).
    Removing stm32f4xx_hal_usart.o(i.USART_EndTxTransfer), (20 bytes).
    Removing stm32f4xx_hal_usart.o(i.USART_Receive_IT), (166 bytes).
    Removing stm32f4xx_hal_usart.o(i.USART_SetConfig), (596 bytes).
    Removing stm32f4xx_hal_usart.o(i.USART_TransmitReceive_IT), (258 bytes).
    Removing stm32f4xx_hal_usart.o(i.USART_Transmit_IT), (96 bytes).
    Removing stm32f4xx_hal_usart.o(i.USART_WaitOnFlagUntilTimeout), (128 bytes).
    Removing stm32f4xx_hal_wwdg.o(.rev16_text), (4 bytes).
    Removing stm32f4xx_hal_wwdg.o(.revsh_text), (4 bytes).
    Removing stm32f4xx_hal_wwdg.o(.rrx_text), (6 bytes).
    Removing stm32f4xx_hal_wwdg.o(i.HAL_WWDG_EarlyWakeupCallback), (2 bytes).
    Removing stm32f4xx_hal_wwdg.o(i.HAL_WWDG_IRQHandler), (40 bytes).
    Removing stm32f4xx_hal_wwdg.o(i.HAL_WWDG_Init), (44 bytes).
    Removing stm32f4xx_hal_wwdg.o(i.HAL_WWDG_MspInit), (2 bytes).
    Removing stm32f4xx_hal_wwdg.o(i.HAL_WWDG_Refresh), (12 bytes).
    Removing stm32f4xx_ll_fmc.o(.rev16_text), (4 bytes).
    Removing stm32f4xx_ll_fmc.o(.revsh_text), (4 bytes).
    Removing stm32f4xx_ll_fmc.o(.rrx_text), (6 bytes).
    Removing stm32f4xx_ll_fsmc.o(.rev16_text), (4 bytes).
    Removing stm32f4xx_ll_fsmc.o(.revsh_text), (4 bytes).
    Removing stm32f4xx_ll_fsmc.o(.rrx_text), (6 bytes).
    Removing stm32f4xx_ll_fsmc.o(i.FSMC_NAND_AttributeSpace_Timing_Init), (54 bytes).
    Removing stm32f4xx_ll_fsmc.o(i.FSMC_NAND_CommonSpace_Timing_Init), (54 bytes).
    Removing stm32f4xx_ll_fsmc.o(i.FSMC_NAND_DeInit), (66 bytes).
    Removing stm32f4xx_ll_fsmc.o(i.FSMC_NAND_ECC_Disable), (28 bytes).
    Removing stm32f4xx_ll_fsmc.o(i.FSMC_NAND_ECC_Enable), (28 bytes).
    Removing stm32f4xx_ll_fsmc.o(i.FSMC_NAND_GetECC), (88 bytes).
    Removing stm32f4xx_ll_fsmc.o(i.FSMC_NAND_Init), (76 bytes).
    Removing stm32f4xx_ll_fsmc.o(i.FSMC_NORSRAM_DeInit), (56 bytes).
    Removing stm32f4xx_ll_fsmc.o(i.FSMC_NORSRAM_Extended_Timing_Init), (72 bytes).
    Removing stm32f4xx_ll_fsmc.o(i.FSMC_NORSRAM_Init), (92 bytes).
    Removing stm32f4xx_ll_fsmc.o(i.FSMC_NORSRAM_Timing_Init), (68 bytes).
    Removing stm32f4xx_ll_fsmc.o(i.FSMC_NORSRAM_WriteOperation_Disable), (18 bytes).
    Removing stm32f4xx_ll_fsmc.o(i.FSMC_NORSRAM_WriteOperation_Enable), (18 bytes).
    Removing stm32f4xx_ll_fsmc.o(i.FSMC_PCCARD_AttributeSpace_Timing_Init), (38 bytes).
    Removing stm32f4xx_ll_fsmc.o(i.FSMC_PCCARD_CommonSpace_Timing_Init), (38 bytes).
    Removing stm32f4xx_ll_fsmc.o(i.FSMC_PCCARD_DeInit), (32 bytes).
    Removing stm32f4xx_ll_fsmc.o(i.FSMC_PCCARD_IOSpace_Timing_Init), (38 bytes).
    Removing stm32f4xx_ll_fsmc.o(i.FSMC_PCCARD_Init), (44 bytes).
    Removing stm32f4xx_ll_sdmmc.o(.rev16_text), (4 bytes).
    Removing stm32f4xx_ll_sdmmc.o(.revsh_text), (4 bytes).
    Removing stm32f4xx_ll_sdmmc.o(.rrx_text), (6 bytes).
    Removing stm32f4xx_ll_sdmmc.o(i.SDIO_ConfigData), (44 bytes).
    Removing stm32f4xx_ll_sdmmc.o(i.SDIO_GetCommandResponse), (8 bytes).
    Removing stm32f4xx_ll_sdmmc.o(i.SDIO_GetDataCounter), (6 bytes).
    Removing stm32f4xx_ll_sdmmc.o(i.SDIO_GetFIFOCount), (8 bytes).
    Removing stm32f4xx_ll_sdmmc.o(i.SDIO_GetPowerState), (10 bytes).
    Removing stm32f4xx_ll_sdmmc.o(i.SDIO_GetResponse), (12 bytes).
    Removing stm32f4xx_ll_sdmmc.o(i.SDIO_Init), (52 bytes).
    Removing stm32f4xx_ll_sdmmc.o(i.SDIO_PowerState_OFF), (8 bytes).
    Removing stm32f4xx_ll_sdmmc.o(i.SDIO_PowerState_ON), (18 bytes).
    Removing stm32f4xx_ll_sdmmc.o(i.SDIO_ReadFIFO), (8 bytes).
    Removing stm32f4xx_ll_sdmmc.o(i.SDIO_SendCommand), (40 bytes).
    Removing stm32f4xx_ll_sdmmc.o(i.SDIO_SetSDMMCReadWaitMode), (16 bytes).
    Removing stm32f4xx_ll_sdmmc.o(i.SDIO_WriteFIFO), (12 bytes).
    Removing stm32f4xx_ll_sdmmc.o(i.SDMMC_CmdAppCommand), (56 bytes).
    Removing stm32f4xx_ll_sdmmc.o(i.SDMMC_CmdAppOperCommand), (60 bytes).
    Removing stm32f4xx_ll_sdmmc.o(i.SDMMC_CmdBlockLength), (56 bytes).
    Removing stm32f4xx_ll_sdmmc.o(i.SDMMC_CmdBusWidth), (56 bytes).
    Removing stm32f4xx_ll_sdmmc.o(i.SDMMC_CmdErase), (56 bytes).
    Removing stm32f4xx_ll_sdmmc.o(i.SDMMC_CmdEraseEndAdd), (56 bytes).
    Removing stm32f4xx_ll_sdmmc.o(i.SDMMC_CmdEraseStartAdd), (56 bytes).
    Removing stm32f4xx_ll_sdmmc.o(i.SDMMC_CmdGoIdleState), (44 bytes).
    Removing stm32f4xx_ll_sdmmc.o(i.SDMMC_CmdOpCondition), (50 bytes).
    Removing stm32f4xx_ll_sdmmc.o(i.SDMMC_CmdOperCond), (52 bytes).
    Removing stm32f4xx_ll_sdmmc.o(i.SDMMC_CmdReadMultiBlock), (56 bytes).
    Removing stm32f4xx_ll_sdmmc.o(i.SDMMC_CmdReadSingleBlock), (56 bytes).
    Removing stm32f4xx_ll_sdmmc.o(i.SDMMC_CmdSDEraseEndAdd), (56 bytes).
    Removing stm32f4xx_ll_sdmmc.o(i.SDMMC_CmdSDEraseStartAdd), (56 bytes).
    Removing stm32f4xx_ll_sdmmc.o(i.SDMMC_CmdSelDesel), (58 bytes).
    Removing stm32f4xx_ll_sdmmc.o(i.SDMMC_CmdSendCID), (50 bytes).
    Removing stm32f4xx_ll_sdmmc.o(i.SDMMC_CmdSendCSD), (50 bytes).
    Removing stm32f4xx_ll_sdmmc.o(i.SDMMC_CmdSendEXTCSD), (56 bytes).
    Removing stm32f4xx_ll_sdmmc.o(i.SDMMC_CmdSendSCR), (56 bytes).
    Removing stm32f4xx_ll_sdmmc.o(i.SDMMC_CmdSendStatus), (56 bytes).
    Removing stm32f4xx_ll_sdmmc.o(i.SDMMC_CmdSetRelAdd), (56 bytes).
    Removing stm32f4xx_ll_sdmmc.o(i.SDMMC_CmdStatusRegister), (56 bytes).
    Removing stm32f4xx_ll_sdmmc.o(i.SDMMC_CmdStopTransfer), (60 bytes).
    Removing stm32f4xx_ll_sdmmc.o(i.SDMMC_CmdSwitch), (56 bytes).
    Removing stm32f4xx_ll_sdmmc.o(i.SDMMC_CmdWriteMultiBlock), (56 bytes).
    Removing stm32f4xx_ll_sdmmc.o(i.SDMMC_CmdWriteSingleBlock), (56 bytes).
    Removing stm32f4xx_ll_sdmmc.o(i.SDMMC_GetCmdError), (64 bytes).
    Removing stm32f4xx_ll_sdmmc.o(i.SDMMC_GetCmdResp1), (428 bytes).
    Removing stm32f4xx_ll_sdmmc.o(i.SDMMC_GetCmdResp2), (100 bytes).
    Removing stm32f4xx_ll_sdmmc.o(i.SDMMC_GetCmdResp3), (88 bytes).
    Removing stm32f4xx_ll_sdmmc.o(i.SDMMC_GetCmdResp6), (184 bytes).
    Removing stm32f4xx_ll_sdmmc.o(i.SDMMC_GetCmdResp7), (108 bytes).
    Removing stm32f4xx_ll_usb.o(.rev16_text), (4 bytes).
    Removing stm32f4xx_ll_usb.o(.revsh_text), (4 bytes).
    Removing stm32f4xx_ll_usb.o(.rrx_text), (6 bytes).
    Removing stm32f4xx_ll_usb.o(i.USB_ActivateDedicatedEndpoint), (204 bytes).
    Removing stm32f4xx_ll_usb.o(i.USB_ActivateEndpoint), (208 bytes).
    Removing stm32f4xx_ll_usb.o(i.USB_ActivateRemoteWakeup), (36 bytes).
    Removing stm32f4xx_ll_usb.o(i.USB_ActivateSetup), (40 bytes).
    Removing stm32f4xx_ll_usb.o(i.USB_ClearInterrupts), (8 bytes).
    Removing stm32f4xx_ll_usb.o(i.USB_CoreInit), (132 bytes).
    Removing stm32f4xx_ll_usb.o(i.USB_CoreReset), (76 bytes).
    Removing stm32f4xx_ll_usb.o(i.USB_DeActivateRemoteWakeup), (24 bytes).
    Removing stm32f4xx_ll_usb.o(i.USB_DeactivateDedicatedEndpoint), (268 bytes).
    Removing stm32f4xx_ll_usb.o(i.USB_DeactivateEndpoint), (332 bytes).
    Removing stm32f4xx_ll_usb.o(i.USB_DevConnect), (36 bytes).
    Removing stm32f4xx_ll_usb.o(i.USB_DevDisconnect), (36 bytes).
    Removing stm32f4xx_ll_usb.o(i.USB_DevInit), (480 bytes).
    Removing stm32f4xx_ll_usb.o(i.USB_DisableGlobalInt), (14 bytes).
    Removing stm32f4xx_ll_usb.o(i.USB_DoPing), (68 bytes).
    Removing stm32f4xx_ll_usb.o(i.USB_DriveVbus), (74 bytes).
    Removing stm32f4xx_ll_usb.o(i.USB_EP0StartXfer), (472 bytes).
    Removing stm32f4xx_ll_usb.o(i.USB_EP0_OutStart), (112 bytes).
    Removing stm32f4xx_ll_usb.o(i.USB_EPClearStall), (142 bytes).
    Removing stm32f4xx_ll_usb.o(i.USB_EPSetStall), (154 bytes).
    Removing stm32f4xx_ll_usb.o(i.USB_EPStartXfer), (836 bytes).
    Removing stm32f4xx_ll_usb.o(i.USB_EnableGlobalInt), (14 bytes).
    Removing stm32f4xx_ll_usb.o(i.USB_FlushRxFifo), (44 bytes).
    Removing stm32f4xx_ll_usb.o(i.USB_FlushTxFifo), (48 bytes).
    Removing stm32f4xx_ll_usb.o(i.USB_GetCurrentFrame), (14 bytes).
    Removing stm32f4xx_ll_usb.o(i.USB_GetDevSpeed), (38 bytes).
    Removing stm32f4xx_ll_usb.o(i.USB_GetHostSpeed), (24 bytes).
    Removing stm32f4xx_ll_usb.o(i.USB_GetMode), (10 bytes).
    Removing stm32f4xx_ll_usb.o(i.USB_HC_Halt), (432 bytes).
    Removing stm32f4xx_ll_usb.o(i.USB_HC_Init), (420 bytes).
    Removing stm32f4xx_ll_usb.o(i.USB_HC_ReadInterrupt), (14 bytes).
    Removing stm32f4xx_ll_usb.o(i.USB_HC_StartXfer), (464 bytes).
    Removing stm32f4xx_ll_usb.o(i.USB_HostInit), (256 bytes).
    Removing stm32f4xx_ll_usb.o(i.USB_InitFSLSPClkSel), (68 bytes).
    Removing stm32f4xx_ll_usb.o(i.USB_ReadDevAllInEpInterrupt), (20 bytes).
    Removing stm32f4xx_ll_usb.o(i.USB_ReadDevAllOutEpInterrupt), (20 bytes).
    Removing stm32f4xx_ll_usb.o(i.USB_ReadDevInEPInterrupt), (50 bytes).
    Removing stm32f4xx_ll_usb.o(i.USB_ReadDevOutEPInterrupt), (26 bytes).
    Removing stm32f4xx_ll_usb.o(i.USB_ReadInterrupts), (10 bytes).
    Removing stm32f4xx_ll_usb.o(i.USB_ReadPacket), (34 bytes).
    Removing stm32f4xx_ll_usb.o(i.USB_ResetPort), (60 bytes).
    Removing stm32f4xx_ll_usb.o(i.USB_SetCurrentMode), (54 bytes).
    Removing stm32f4xx_ll_usb.o(i.USB_SetDevAddress), (42 bytes).
    Removing stm32f4xx_ll_usb.o(i.USB_SetDevSpeed), (18 bytes).
    Removing stm32f4xx_ll_usb.o(i.USB_SetTurnaroundTime), (232 bytes).
    Removing stm32f4xx_ll_usb.o(i.USB_StopDevice), (92 bytes).
    Removing stm32f4xx_ll_usb.o(i.USB_StopHost), (180 bytes).
    Removing stm32f4xx_ll_usb.o(i.USB_WritePacket), (60 bytes).
    Removing stm32f4xx_ll_utils.o(.rev16_text), (4 bytes).
    Removing stm32f4xx_ll_utils.o(.revsh_text), (4 bytes).
    Removing stm32f4xx_ll_utils.o(.rrx_text), (6 bytes).
    Removing stm32f4xx_ll_utils.o(i.LL_Init1msTick), (28 bytes).
    Removing stm32f4xx_ll_utils.o(i.LL_PLL_ConfigSystemClock_HSE), (148 bytes).
    Removing stm32f4xx_ll_utils.o(i.LL_PLL_ConfigSystemClock_HSI), (100 bytes).
    Removing stm32f4xx_ll_utils.o(i.LL_RCC_HSE_IsReady), (16 bytes).
    Removing stm32f4xx_ll_utils.o(i.LL_RCC_HSI_IsReady), (16 bytes).
    Removing stm32f4xx_ll_utils.o(i.LL_RCC_PLL_ConfigDomain_SYS), (48 bytes).
    Removing stm32f4xx_ll_utils.o(i.LL_RCC_PLL_IsReady), (16 bytes).
    Removing stm32f4xx_ll_utils.o(i.LL_SetFlashLatency), (224 bytes).
    Removing stm32f4xx_ll_utils.o(i.LL_SetSystemCoreClock), (12 bytes).
    Removing stm32f4xx_ll_utils.o(i.LL_mDelay), (40 bytes).
    Removing stm32f4xx_ll_utils.o(i.UTILS_EnablePLLAndSwitchSystem), (208 bytes).
    Removing stm32f4xx_ll_utils.o(i.UTILS_GetPLLOutputFrequency), (40 bytes).
    Removing stm32f4xx_ll_utils.o(i.UTILS_PLL_IsBusy), (36 bytes).

1445 unused section(s) (total 142102 bytes) removed from the image.

==============================================================================

Image Symbol Table

    Local Symbols

    Symbol Name                              Value     Ov Type        Size  Object(Section)

    ../clib/angel/boardlib.s                 0x00000000   Number         0  boardinit1.o ABSOLUTE
    ../clib/angel/boardlib.s                 0x00000000   Number         0  boardshut.o ABSOLUTE
    ../clib/angel/boardlib.s                 0x00000000   Number         0  boardinit2.o ABSOLUTE
    ../clib/angel/boardlib.s                 0x00000000   Number         0  boardinit3.o ABSOLUTE
    ../clib/angel/handlers.s                 0x00000000   Number         0  __scatter_copy.o ABSOLUTE
    ../clib/angel/handlers.s                 0x00000000   Number         0  __scatter_zi.o ABSOLUTE
    ../clib/angel/kernel.s                   0x00000000   Number         0  __rtentry.o ABSOLUTE
    ../clib/angel/kernel.s                   0x00000000   Number         0  __rtentry2.o ABSOLUTE
    ../clib/angel/kernel.s                   0x00000000   Number         0  __rtentry4.o ABSOLUTE
    ../clib/angel/kernel.s                   0x00000000   Number         0  rtexit.o ABSOLUTE
    ../clib/angel/kernel.s                   0x00000000   Number         0  rtexit2.o ABSOLUTE
    ../clib/angel/rt.s                       0x00000000   Number         0  aeabi_ldiv0_sigfpe.o ABSOLUTE
    ../clib/angel/rt.s                       0x00000000   Number         0  aeabi_ldiv0.o ABSOLUTE
    ../clib/angel/rt.s                       0x00000000   Number         0  rt_div0.o ABSOLUTE
    ../clib/angel/rt.s                       0x00000000   Number         0  rt_raise.o ABSOLUTE
    ../clib/angel/scatter.s                  0x00000000   Number         0  __scatter.o ABSOLUTE
    ../clib/angel/startup.s                  0x00000000   Number         0  __main.o ABSOLUTE
    ../clib/angel/sys.s                      0x00000000   Number         0  use_no_semi.o ABSOLUTE
    ../clib/angel/sys.s                      0x00000000   Number         0  libspace.o ABSOLUTE
    ../clib/angel/sys.s                      0x00000000   Number         0  sys_stackheap_outer.o ABSOLUTE
    ../clib/angel/sys.s                      0x00000000   Number         0  use_no_semi_2.o ABSOLUTE
    ../clib/angel/sys.s                      0x00000000   Number         0  indicate_semi.o ABSOLUTE
    ../clib/angel/sysapp.c                   0x00000000   Number         0  sys_wrch.o ABSOLUTE
    ../clib/angel/sysapp.c                   0x00000000   Number         0  sys_command.o ABSOLUTE
    ../clib/armsys.c                         0x00000000   Number         0  _get_argv_nomalloc.o ABSOLUTE
    ../clib/armsys.c                         0x00000000   Number         0  no_argv.o ABSOLUTE
    ../clib/armsys.c                         0x00000000   Number         0  argv_veneer.o ABSOLUTE
    ../clib/armsys.c                         0x00000000   Number         0  argv_veneer.o ABSOLUTE
    ../clib/heapalloc.c                      0x00000000   Number         0  hrguard.o ABSOLUTE
    ../clib/heapaux.c                        0x00000000   Number         0  heapauxi.o ABSOLUTE
    ../clib/libinit.s                        0x00000000   Number         0  libshutdown2.o ABSOLUTE
    ../clib/libinit.s                        0x00000000   Number         0  libinit.o ABSOLUTE
    ../clib/libinit.s                        0x00000000   Number         0  libshutdown.o ABSOLUTE
    ../clib/libinit.s                        0x00000000   Number         0  libinit2.o ABSOLUTE
    ../clib/longlong.s                       0x00000000   Number         0  lludivv7m.o ABSOLUTE
    ../clib/memcpset.s                       0x00000000   Number         0  rt_memcpy_w.o ABSOLUTE
    ../clib/signal.c                         0x00000000   Number         0  defsig_stak_inner.o ABSOLUTE
    ../clib/signal.c                         0x00000000   Number         0  defsig_fpe_outer.o ABSOLUTE
    ../clib/signal.c                         0x00000000   Number         0  defsig_fpe_formal.o ABSOLUTE
    ../clib/signal.c                         0x00000000   Number         0  defsig_exit.o ABSOLUTE
    ../clib/signal.c                         0x00000000   Number         0  defsig_other.o ABSOLUTE
    ../clib/signal.c                         0x00000000   Number         0  defsig_segv_inner.o ABSOLUTE
    ../clib/signal.c                         0x00000000   Number         0  defsig_cppl_inner.o ABSOLUTE
    ../clib/signal.c                         0x00000000   Number         0  defsig_pvfn_inner.o ABSOLUTE
    ../clib/signal.c                         0x00000000   Number         0  defsig_abrt_inner.o ABSOLUTE
    ../clib/signal.c                         0x00000000   Number         0  defsig_general.o ABSOLUTE
    ../clib/signal.c                         0x00000000   Number         0  defsig_rtred_inner.o ABSOLUTE
    ../clib/signal.c                         0x00000000   Number         0  defsig_rtmem_inner.o ABSOLUTE
    ../clib/signal.c                         0x00000000   Number         0  __raise.o ABSOLUTE
    ../clib/signal.c                         0x00000000   Number         0  defsig_rtmem_outer.o ABSOLUTE
    ../clib/signal.c                         0x00000000   Number         0  defsig_rtmem_formal.o ABSOLUTE
    ../clib/signal.c                         0x00000000   Number         0  defsig_fpe_inner.o ABSOLUTE
    ../clib/signal.s                         0x00000000   Number         0  defsig.o ABSOLUTE
    ../clib/stdlib.c                         0x00000000   Number         0  exit.o ABSOLUTE
    ../fplib/fpinit.s                        0x00000000   Number         0  fpinit.o ABSOLUTE
    ..\CORE\startup_stm32f407xx.s            0x00000000   Number         0  startup_stm32f407xx.o ABSOLUTE
    ..\HALLIB\Src\stm32f4xx_hal.c            0x00000000   Number         0  stm32f4xx_hal.o ABSOLUTE
    ..\HALLIB\Src\stm32f4xx_hal_adc.c        0x00000000   Number         0  stm32f4xx_hal_adc.o ABSOLUTE
    ..\HALLIB\Src\stm32f4xx_hal_adc_ex.c     0x00000000   Number         0  stm32f4xx_hal_adc_ex.o ABSOLUTE
    ..\HALLIB\Src\stm32f4xx_hal_can.c        0x00000000   Number         0  stm32f4xx_hal_can.o ABSOLUTE
    ..\HALLIB\Src\stm32f4xx_hal_cec.c        0x00000000   Number         0  stm32f4xx_hal_cec.o ABSOLUTE
    ..\HALLIB\Src\stm32f4xx_hal_cortex.c     0x00000000   Number         0  stm32f4xx_hal_cortex.o ABSOLUTE
    ..\HALLIB\Src\stm32f4xx_hal_crc.c        0x00000000   Number         0  stm32f4xx_hal_crc.o ABSOLUTE
    ..\HALLIB\Src\stm32f4xx_hal_cryp.c       0x00000000   Number         0  stm32f4xx_hal_cryp.o ABSOLUTE
    ..\HALLIB\Src\stm32f4xx_hal_cryp_ex.c    0x00000000   Number         0  stm32f4xx_hal_cryp_ex.o ABSOLUTE
    ..\HALLIB\Src\stm32f4xx_hal_dac.c        0x00000000   Number         0  stm32f4xx_hal_dac.o ABSOLUTE
    ..\HALLIB\Src\stm32f4xx_hal_dac_ex.c     0x00000000   Number         0  stm32f4xx_hal_dac_ex.o ABSOLUTE
    ..\HALLIB\Src\stm32f4xx_hal_dcmi.c       0x00000000   Number         0  stm32f4xx_hal_dcmi.o ABSOLUTE
    ..\HALLIB\Src\stm32f4xx_hal_dcmi_ex.c    0x00000000   Number         0  stm32f4xx_hal_dcmi_ex.o ABSOLUTE
    ..\HALLIB\Src\stm32f4xx_hal_dfsdm.c      0x00000000   Number         0  stm32f4xx_hal_dfsdm.o ABSOLUTE
    ..\HALLIB\Src\stm32f4xx_hal_dma.c        0x00000000   Number         0  stm32f4xx_hal_dma.o ABSOLUTE
    ..\HALLIB\Src\stm32f4xx_hal_dma2d.c      0x00000000   Number         0  stm32f4xx_hal_dma2d.o ABSOLUTE
    ..\HALLIB\Src\stm32f4xx_hal_dma_ex.c     0x00000000   Number         0  stm32f4xx_hal_dma_ex.o ABSOLUTE
    ..\HALLIB\Src\stm32f4xx_hal_dsi.c        0x00000000   Number         0  stm32f4xx_hal_dsi.o ABSOLUTE
    ..\HALLIB\Src\stm32f4xx_hal_eth.c        0x00000000   Number         0  stm32f4xx_hal_eth.o ABSOLUTE
    ..\HALLIB\Src\stm32f4xx_hal_exti.c       0x00000000   Number         0  stm32f4xx_hal_exti.o ABSOLUTE
    ..\HALLIB\Src\stm32f4xx_hal_flash.c      0x00000000   Number         0  stm32f4xx_hal_flash.o ABSOLUTE
    ..\HALLIB\Src\stm32f4xx_hal_flash_ex.c   0x00000000   Number         0  stm32f4xx_hal_flash_ex.o ABSOLUTE
    ..\HALLIB\Src\stm32f4xx_hal_flash_ramfunc.c 0x00000000   Number         0  stm32f4xx_hal_flash_ramfunc.o ABSOLUTE
    ..\HALLIB\Src\stm32f4xx_hal_fmpi2c.c     0x00000000   Number         0  stm32f4xx_hal_fmpi2c.o ABSOLUTE
    ..\HALLIB\Src\stm32f4xx_hal_fmpi2c_ex.c  0x00000000   Number         0  stm32f4xx_hal_fmpi2c_ex.o ABSOLUTE
    ..\HALLIB\Src\stm32f4xx_hal_fmpsmbus.c   0x00000000   Number         0  stm32f4xx_hal_fmpsmbus.o ABSOLUTE
    ..\HALLIB\Src\stm32f4xx_hal_fmpsmbus_ex.c 0x00000000   Number         0  stm32f4xx_hal_fmpsmbus_ex.o ABSOLUTE
    ..\HALLIB\Src\stm32f4xx_hal_gpio.c       0x00000000   Number         0  stm32f4xx_hal_gpio.o ABSOLUTE
    ..\HALLIB\Src\stm32f4xx_hal_hash.c       0x00000000   Number         0  stm32f4xx_hal_hash.o ABSOLUTE
    ..\HALLIB\Src\stm32f4xx_hal_hash_ex.c    0x00000000   Number         0  stm32f4xx_hal_hash_ex.o ABSOLUTE
    ..\HALLIB\Src\stm32f4xx_hal_hcd.c        0x00000000   Number         0  stm32f4xx_hal_hcd.o ABSOLUTE
    ..\HALLIB\Src\stm32f4xx_hal_i2c.c        0x00000000   Number         0  stm32f4xx_hal_i2c.o ABSOLUTE
    ..\HALLIB\Src\stm32f4xx_hal_i2c_ex.c     0x00000000   Number         0  stm32f4xx_hal_i2c_ex.o ABSOLUTE
    ..\HALLIB\Src\stm32f4xx_hal_i2s.c        0x00000000   Number         0  stm32f4xx_hal_i2s.o ABSOLUTE
    ..\HALLIB\Src\stm32f4xx_hal_i2s_ex.c     0x00000000   Number         0  stm32f4xx_hal_i2s_ex.o ABSOLUTE
    ..\HALLIB\Src\stm32f4xx_hal_irda.c       0x00000000   Number         0  stm32f4xx_hal_irda.o ABSOLUTE
    ..\HALLIB\Src\stm32f4xx_hal_iwdg.c       0x00000000   Number         0  stm32f4xx_hal_iwdg.o ABSOLUTE
    ..\HALLIB\Src\stm32f4xx_hal_ltdc.c       0x00000000   Number         0  stm32f4xx_hal_ltdc.o ABSOLUTE
    ..\HALLIB\Src\stm32f4xx_hal_ltdc_ex.c    0x00000000   Number         0  stm32f4xx_hal_ltdc_ex.o ABSOLUTE
    ..\HALLIB\Src\stm32f4xx_hal_mmc.c        0x00000000   Number         0  stm32f4xx_hal_mmc.o ABSOLUTE
    ..\HALLIB\Src\stm32f4xx_hal_nand.c       0x00000000   Number         0  stm32f4xx_hal_nand.o ABSOLUTE
    ..\HALLIB\Src\stm32f4xx_hal_nor.c        0x00000000   Number         0  stm32f4xx_hal_nor.o ABSOLUTE
    ..\HALLIB\Src\stm32f4xx_hal_pccard.c     0x00000000   Number         0  stm32f4xx_hal_pccard.o ABSOLUTE
    ..\HALLIB\Src\stm32f4xx_hal_pcd.c        0x00000000   Number         0  stm32f4xx_hal_pcd.o ABSOLUTE
    ..\HALLIB\Src\stm32f4xx_hal_pcd_ex.c     0x00000000   Number         0  stm32f4xx_hal_pcd_ex.o ABSOLUTE
    ..\HALLIB\Src\stm32f4xx_hal_pwr.c        0x00000000   Number         0  stm32f4xx_hal_pwr.o ABSOLUTE
    ..\HALLIB\Src\stm32f4xx_hal_pwr_ex.c     0x00000000   Number         0  stm32f4xx_hal_pwr_ex.o ABSOLUTE
    ..\HALLIB\Src\stm32f4xx_hal_qspi.c       0x00000000   Number         0  stm32f4xx_hal_qspi.o ABSOLUTE
    ..\HALLIB\Src\stm32f4xx_hal_rcc.c        0x00000000   Number         0  stm32f4xx_hal_rcc.o ABSOLUTE
    ..\HALLIB\Src\stm32f4xx_hal_rcc_ex.c     0x00000000   Number         0  stm32f4xx_hal_rcc_ex.o ABSOLUTE
    ..\HALLIB\Src\stm32f4xx_hal_rng.c        0x00000000   Number         0  stm32f4xx_hal_rng.o ABSOLUTE
    ..\HALLIB\Src\stm32f4xx_hal_rtc.c        0x00000000   Number         0  stm32f4xx_hal_rtc.o ABSOLUTE
    ..\HALLIB\Src\stm32f4xx_hal_rtc_ex.c     0x00000000   Number         0  stm32f4xx_hal_rtc_ex.o ABSOLUTE
    ..\HALLIB\Src\stm32f4xx_hal_sai.c        0x00000000   Number         0  stm32f4xx_hal_sai.o ABSOLUTE
    ..\HALLIB\Src\stm32f4xx_hal_sai_ex.c     0x00000000   Number         0  stm32f4xx_hal_sai_ex.o ABSOLUTE
    ..\HALLIB\Src\stm32f4xx_hal_sd.c         0x00000000   Number         0  stm32f4xx_hal_sd.o ABSOLUTE
    ..\HALLIB\Src\stm32f4xx_hal_sdram.c      0x00000000   Number         0  stm32f4xx_hal_sdram.o ABSOLUTE
    ..\HALLIB\Src\stm32f4xx_hal_smartcard.c  0x00000000   Number         0  stm32f4xx_hal_smartcard.o ABSOLUTE
    ..\HALLIB\Src\stm32f4xx_hal_smbus.c      0x00000000   Number         0  stm32f4xx_hal_smbus.o ABSOLUTE
    ..\HALLIB\Src\stm32f4xx_hal_spdifrx.c    0x00000000   Number         0  stm32f4xx_hal_spdifrx.o ABSOLUTE
    ..\HALLIB\Src\stm32f4xx_hal_spi.c        0x00000000   Number         0  stm32f4xx_hal_spi.o ABSOLUTE
    ..\HALLIB\Src\stm32f4xx_hal_sram.c       0x00000000   Number         0  stm32f4xx_hal_sram.o ABSOLUTE
    ..\HALLIB\Src\stm32f4xx_hal_tim.c        0x00000000   Number         0  stm32f4xx_hal_tim.o ABSOLUTE
    ..\HALLIB\Src\stm32f4xx_hal_tim_ex.c     0x00000000   Number         0  stm32f4xx_hal_tim_ex.o ABSOLUTE
    ..\HALLIB\Src\stm32f4xx_hal_uart.c       0x00000000   Number         0  stm32f4xx_hal_uart.o ABSOLUTE
    ..\HALLIB\Src\stm32f4xx_hal_usart.c      0x00000000   Number         0  stm32f4xx_hal_usart.o ABSOLUTE
    ..\HALLIB\Src\stm32f4xx_hal_wwdg.c       0x00000000   Number         0  stm32f4xx_hal_wwdg.o ABSOLUTE
    ..\HALLIB\Src\stm32f4xx_ll_adc.c         0x00000000   Number         0  stm32f4xx_ll_adc.o ABSOLUTE
    ..\HALLIB\Src\stm32f4xx_ll_crc.c         0x00000000   Number         0  stm32f4xx_ll_crc.o ABSOLUTE
    ..\HALLIB\Src\stm32f4xx_ll_dac.c         0x00000000   Number         0  stm32f4xx_ll_dac.o ABSOLUTE
    ..\HALLIB\Src\stm32f4xx_ll_dma.c         0x00000000   Number         0  stm32f4xx_ll_dma.o ABSOLUTE
    ..\HALLIB\Src\stm32f4xx_ll_dma2d.c       0x00000000   Number         0  stm32f4xx_ll_dma2d.o ABSOLUTE
    ..\HALLIB\Src\stm32f4xx_ll_exti.c        0x00000000   Number         0  stm32f4xx_ll_exti.o ABSOLUTE
    ..\HALLIB\Src\stm32f4xx_ll_fmc.c         0x00000000   Number         0  stm32f4xx_ll_fmc.o ABSOLUTE
    ..\HALLIB\Src\stm32f4xx_ll_fmpi2c.c      0x00000000   Number         0  stm32f4xx_ll_fmpi2c.o ABSOLUTE
    ..\HALLIB\Src\stm32f4xx_ll_fsmc.c        0x00000000   Number         0  stm32f4xx_ll_fsmc.o ABSOLUTE
    ..\HALLIB\Src\stm32f4xx_ll_gpio.c        0x00000000   Number         0  stm32f4xx_ll_gpio.o ABSOLUTE
    ..\HALLIB\Src\stm32f4xx_ll_i2c.c         0x00000000   Number         0  stm32f4xx_ll_i2c.o ABSOLUTE
    ..\HALLIB\Src\stm32f4xx_ll_lptim.c       0x00000000   Number         0  stm32f4xx_ll_lptim.o ABSOLUTE
    ..\HALLIB\Src\stm32f4xx_ll_pwr.c         0x00000000   Number         0  stm32f4xx_ll_pwr.o ABSOLUTE
    ..\HALLIB\Src\stm32f4xx_ll_rcc.c         0x00000000   Number         0  stm32f4xx_ll_rcc.o ABSOLUTE
    ..\HALLIB\Src\stm32f4xx_ll_rng.c         0x00000000   Number         0  stm32f4xx_ll_rng.o ABSOLUTE
    ..\HALLIB\Src\stm32f4xx_ll_rtc.c         0x00000000   Number         0  stm32f4xx_ll_rtc.o ABSOLUTE
    ..\HALLIB\Src\stm32f4xx_ll_sdmmc.c       0x00000000   Number         0  stm32f4xx_ll_sdmmc.o ABSOLUTE
    ..\HALLIB\Src\stm32f4xx_ll_spi.c         0x00000000   Number         0  stm32f4xx_ll_spi.o ABSOLUTE
    ..\HALLIB\Src\stm32f4xx_ll_tim.c         0x00000000   Number         0  stm32f4xx_ll_tim.o ABSOLUTE
    ..\HALLIB\Src\stm32f4xx_ll_usart.c       0x00000000   Number         0  stm32f4xx_ll_usart.o ABSOLUTE
    ..\HALLIB\Src\stm32f4xx_ll_usb.c         0x00000000   Number         0  stm32f4xx_ll_usb.o ABSOLUTE
    ..\HALLIB\Src\stm32f4xx_ll_utils.c       0x00000000   Number         0  stm32f4xx_ll_utils.o ABSOLUTE
    ..\SYSTEM_OEDA\delay\delay.c             0x00000000   Number         0  delay.o ABSOLUTE
    ..\SYSTEM_OEDA\sys\sys.c                 0x00000000   Number         0  sys.o ABSOLUTE
    ..\SYSTEM_OEDA\usart\usart.c             0x00000000   Number         0  usart.o ABSOLUTE
    ..\\HALLIB\\Src\\stm32f4xx_hal.c         0x00000000   Number         0  stm32f4xx_hal.o ABSOLUTE
    ..\\HALLIB\\Src\\stm32f4xx_hal_adc.c     0x00000000   Number         0  stm32f4xx_hal_adc.o ABSOLUTE
    ..\\HALLIB\\Src\\stm32f4xx_hal_adc_ex.c  0x00000000   Number         0  stm32f4xx_hal_adc_ex.o ABSOLUTE
    ..\\HALLIB\\Src\\stm32f4xx_hal_can.c     0x00000000   Number         0  stm32f4xx_hal_can.o ABSOLUTE
    ..\\HALLIB\\Src\\stm32f4xx_hal_cec.c     0x00000000   Number         0  stm32f4xx_hal_cec.o ABSOLUTE
    ..\\HALLIB\\Src\\stm32f4xx_hal_cortex.c  0x00000000   Number         0  stm32f4xx_hal_cortex.o ABSOLUTE
    ..\\HALLIB\\Src\\stm32f4xx_hal_crc.c     0x00000000   Number         0  stm32f4xx_hal_crc.o ABSOLUTE
    ..\\HALLIB\\Src\\stm32f4xx_hal_cryp.c    0x00000000   Number         0  stm32f4xx_hal_cryp.o ABSOLUTE
    ..\\HALLIB\\Src\\stm32f4xx_hal_cryp_ex.c 0x00000000   Number         0  stm32f4xx_hal_cryp_ex.o ABSOLUTE
    ..\\HALLIB\\Src\\stm32f4xx_hal_dac.c     0x00000000   Number         0  stm32f4xx_hal_dac.o ABSOLUTE
    ..\\HALLIB\\Src\\stm32f4xx_hal_dac_ex.c  0x00000000   Number         0  stm32f4xx_hal_dac_ex.o ABSOLUTE
    ..\\HALLIB\\Src\\stm32f4xx_hal_dcmi.c    0x00000000   Number         0  stm32f4xx_hal_dcmi.o ABSOLUTE
    ..\\HALLIB\\Src\\stm32f4xx_hal_dcmi_ex.c 0x00000000   Number         0  stm32f4xx_hal_dcmi_ex.o ABSOLUTE
    ..\\HALLIB\\Src\\stm32f4xx_hal_dfsdm.c   0x00000000   Number         0  stm32f4xx_hal_dfsdm.o ABSOLUTE
    ..\\HALLIB\\Src\\stm32f4xx_hal_dma.c     0x00000000   Number         0  stm32f4xx_hal_dma.o ABSOLUTE
    ..\\HALLIB\\Src\\stm32f4xx_hal_dma2d.c   0x00000000   Number         0  stm32f4xx_hal_dma2d.o ABSOLUTE
    ..\\HALLIB\\Src\\stm32f4xx_hal_dma_ex.c  0x00000000   Number         0  stm32f4xx_hal_dma_ex.o ABSOLUTE
    ..\\HALLIB\\Src\\stm32f4xx_hal_dsi.c     0x00000000   Number         0  stm32f4xx_hal_dsi.o ABSOLUTE
    ..\\HALLIB\\Src\\stm32f4xx_hal_eth.c     0x00000000   Number         0  stm32f4xx_hal_eth.o ABSOLUTE
    ..\\HALLIB\\Src\\stm32f4xx_hal_exti.c    0x00000000   Number         0  stm32f4xx_hal_exti.o ABSOLUTE
    ..\\HALLIB\\Src\\stm32f4xx_hal_flash.c   0x00000000   Number         0  stm32f4xx_hal_flash.o ABSOLUTE
    ..\\HALLIB\\Src\\stm32f4xx_hal_flash_ex.c 0x00000000   Number         0  stm32f4xx_hal_flash_ex.o ABSOLUTE
    ..\\HALLIB\\Src\\stm32f4xx_hal_flash_ramfunc.c 0x00000000   Number         0  stm32f4xx_hal_flash_ramfunc.o ABSOLUTE
    ..\\HALLIB\\Src\\stm32f4xx_hal_fmpi2c.c  0x00000000   Number         0  stm32f4xx_hal_fmpi2c.o ABSOLUTE
    ..\\HALLIB\\Src\\stm32f4xx_hal_fmpi2c_ex.c 0x00000000   Number         0  stm32f4xx_hal_fmpi2c_ex.o ABSOLUTE
    ..\\HALLIB\\Src\\stm32f4xx_hal_fmpsmbus.c 0x00000000   Number         0  stm32f4xx_hal_fmpsmbus.o ABSOLUTE
    ..\\HALLIB\\Src\\stm32f4xx_hal_fmpsmbus_ex.c 0x00000000   Number         0  stm32f4xx_hal_fmpsmbus_ex.o ABSOLUTE
    ..\\HALLIB\\Src\\stm32f4xx_hal_gpio.c    0x00000000   Number         0  stm32f4xx_hal_gpio.o ABSOLUTE
    ..\\HALLIB\\Src\\stm32f4xx_hal_hash.c    0x00000000   Number         0  stm32f4xx_hal_hash.o ABSOLUTE
    ..\\HALLIB\\Src\\stm32f4xx_hal_hash_ex.c 0x00000000   Number         0  stm32f4xx_hal_hash_ex.o ABSOLUTE
    ..\\HALLIB\\Src\\stm32f4xx_hal_hcd.c     0x00000000   Number         0  stm32f4xx_hal_hcd.o ABSOLUTE
    ..\\HALLIB\\Src\\stm32f4xx_hal_i2c.c     0x00000000   Number         0  stm32f4xx_hal_i2c.o ABSOLUTE
    ..\\HALLIB\\Src\\stm32f4xx_hal_i2c_ex.c  0x00000000   Number         0  stm32f4xx_hal_i2c_ex.o ABSOLUTE
    ..\\HALLIB\\Src\\stm32f4xx_hal_i2s.c     0x00000000   Number         0  stm32f4xx_hal_i2s.o ABSOLUTE
    ..\\HALLIB\\Src\\stm32f4xx_hal_i2s_ex.c  0x00000000   Number         0  stm32f4xx_hal_i2s_ex.o ABSOLUTE
    ..\\HALLIB\\Src\\stm32f4xx_hal_irda.c    0x00000000   Number         0  stm32f4xx_hal_irda.o ABSOLUTE
    ..\\HALLIB\\Src\\stm32f4xx_hal_iwdg.c    0x00000000   Number         0  stm32f4xx_hal_iwdg.o ABSOLUTE
    ..\\HALLIB\\Src\\stm32f4xx_hal_ltdc.c    0x00000000   Number         0  stm32f4xx_hal_ltdc.o ABSOLUTE
    ..\\HALLIB\\Src\\stm32f4xx_hal_ltdc_ex.c 0x00000000   Number         0  stm32f4xx_hal_ltdc_ex.o ABSOLUTE
    ..\\HALLIB\\Src\\stm32f4xx_hal_mmc.c     0x00000000   Number         0  stm32f4xx_hal_mmc.o ABSOLUTE
    ..\\HALLIB\\Src\\stm32f4xx_hal_nand.c    0x00000000   Number         0  stm32f4xx_hal_nand.o ABSOLUTE
    ..\\HALLIB\\Src\\stm32f4xx_hal_nor.c     0x00000000   Number         0  stm32f4xx_hal_nor.o ABSOLUTE
    ..\\HALLIB\\Src\\stm32f4xx_hal_pccard.c  0x00000000   Number         0  stm32f4xx_hal_pccard.o ABSOLUTE
    ..\\HALLIB\\Src\\stm32f4xx_hal_pcd.c     0x00000000   Number         0  stm32f4xx_hal_pcd.o ABSOLUTE
    ..\\HALLIB\\Src\\stm32f4xx_hal_pcd_ex.c  0x00000000   Number         0  stm32f4xx_hal_pcd_ex.o ABSOLUTE
    ..\\HALLIB\\Src\\stm32f4xx_hal_pwr.c     0x00000000   Number         0  stm32f4xx_hal_pwr.o ABSOLUTE
    ..\\HALLIB\\Src\\stm32f4xx_hal_pwr_ex.c  0x00000000   Number         0  stm32f4xx_hal_pwr_ex.o ABSOLUTE
    ..\\HALLIB\\Src\\stm32f4xx_hal_qspi.c    0x00000000   Number         0  stm32f4xx_hal_qspi.o ABSOLUTE
    ..\\HALLIB\\Src\\stm32f4xx_hal_rcc.c     0x00000000   Number         0  stm32f4xx_hal_rcc.o ABSOLUTE
    ..\\HALLIB\\Src\\stm32f4xx_hal_rcc_ex.c  0x00000000   Number         0  stm32f4xx_hal_rcc_ex.o ABSOLUTE
    ..\\HALLIB\\Src\\stm32f4xx_hal_rng.c     0x00000000   Number         0  stm32f4xx_hal_rng.o ABSOLUTE
    ..\\HALLIB\\Src\\stm32f4xx_hal_rtc.c     0x00000000   Number         0  stm32f4xx_hal_rtc.o ABSOLUTE
    ..\\HALLIB\\Src\\stm32f4xx_hal_rtc_ex.c  0x00000000   Number         0  stm32f4xx_hal_rtc_ex.o ABSOLUTE
    ..\\HALLIB\\Src\\stm32f4xx_hal_sai.c     0x00000000   Number         0  stm32f4xx_hal_sai.o ABSOLUTE
    ..\\HALLIB\\Src\\stm32f4xx_hal_sai_ex.c  0x00000000   Number         0  stm32f4xx_hal_sai_ex.o ABSOLUTE
    ..\\HALLIB\\Src\\stm32f4xx_hal_sd.c      0x00000000   Number         0  stm32f4xx_hal_sd.o ABSOLUTE
    ..\\HALLIB\\Src\\stm32f4xx_hal_sdram.c   0x00000000   Number         0  stm32f4xx_hal_sdram.o ABSOLUTE
    ..\\HALLIB\\Src\\stm32f4xx_hal_smartcard.c 0x00000000   Number         0  stm32f4xx_hal_smartcard.o ABSOLUTE
    ..\\HALLIB\\Src\\stm32f4xx_hal_smbus.c   0x00000000   Number         0  stm32f4xx_hal_smbus.o ABSOLUTE
    ..\\HALLIB\\Src\\stm32f4xx_hal_spdifrx.c 0x00000000   Number         0  stm32f4xx_hal_spdifrx.o ABSOLUTE
    ..\\HALLIB\\Src\\stm32f4xx_hal_spi.c     0x00000000   Number         0  stm32f4xx_hal_spi.o ABSOLUTE
    ..\\HALLIB\\Src\\stm32f4xx_hal_sram.c    0x00000000   Number         0  stm32f4xx_hal_sram.o ABSOLUTE
    ..\\HALLIB\\Src\\stm32f4xx_hal_tim.c     0x00000000   Number         0  stm32f4xx_hal_tim.o ABSOLUTE
    ..\\HALLIB\\Src\\stm32f4xx_hal_tim_ex.c  0x00000000   Number         0  stm32f4xx_hal_tim_ex.o ABSOLUTE
    ..\\HALLIB\\Src\\stm32f4xx_hal_uart.c    0x00000000   Number         0  stm32f4xx_hal_uart.o ABSOLUTE
    ..\\HALLIB\\Src\\stm32f4xx_hal_usart.c   0x00000000   Number         0  stm32f4xx_hal_usart.o ABSOLUTE
    ..\\HALLIB\\Src\\stm32f4xx_hal_wwdg.c    0x00000000   Number         0  stm32f4xx_hal_wwdg.o ABSOLUTE
    ..\\HALLIB\\Src\\stm32f4xx_ll_fmc.c      0x00000000   Number         0  stm32f4xx_ll_fmc.o ABSOLUTE
    ..\\HALLIB\\Src\\stm32f4xx_ll_fsmc.c     0x00000000   Number         0  stm32f4xx_ll_fsmc.o ABSOLUTE
    ..\\HALLIB\\Src\\stm32f4xx_ll_sdmmc.c    0x00000000   Number         0  stm32f4xx_ll_sdmmc.o ABSOLUTE
    ..\\HALLIB\\Src\\stm32f4xx_ll_usb.c      0x00000000   Number         0  stm32f4xx_ll_usb.o ABSOLUTE
    ..\\HALLIB\\Src\\stm32f4xx_ll_utils.c    0x00000000   Number         0  stm32f4xx_ll_utils.o ABSOLUTE
    ..\\SYSTEM_OEDA\\delay\\delay.c          0x00000000   Number         0  delay.o ABSOLUTE
    ..\\SYSTEM_OEDA\\sys\\sys.c              0x00000000   Number         0  sys.o ABSOLUTE
    ..\\SYSTEM_OEDA\\usart\\usart.c          0x00000000   Number         0  usart.o ABSOLUTE
    dc.s                                     0x00000000   Number         0  dc.o ABSOLUTE
    main.c                                   0x00000000   Number         0  main.o ABSOLUTE
    main.c                                   0x00000000   Number         0  main.o ABSOLUTE
    stm32f4xx_hal_msp.c                      0x00000000   Number         0  stm32f4xx_hal_msp.o ABSOLUTE
    stm32f4xx_hal_msp.c                      0x00000000   Number         0  stm32f4xx_hal_msp.o ABSOLUTE
    stm32f4xx_it.c                           0x00000000   Number         0  stm32f4xx_it.o ABSOLUTE
    stm32f4xx_it.c                           0x00000000   Number         0  stm32f4xx_it.o ABSOLUTE
    system_stm32f4xx.c                       0x00000000   Number         0  system_stm32f4xx.o ABSOLUTE
    system_stm32f4xx.c                       0x00000000   Number         0  system_stm32f4xx.o ABSOLUTE
    RESET                                    0x08000000   Section      392  startup_stm32f407xx.o(RESET)
    !!!main                                  0x08000188   Section        8  __main.o(!!!main)
    !!!scatter                               0x08000190   Section       52  __scatter.o(!!!scatter)
    !!handler_copy                           0x080001c4   Section       26  __scatter_copy.o(!!handler_copy)
    !!handler_zi                             0x080001e0   Section       28  __scatter_zi.o(!!handler_zi)
    .ARM.Collect$$libinit$$00000000          0x080001fc   Section        2  libinit.o(.ARM.Collect$$libinit$$00000000)
    .ARM.Collect$$libinit$$00000001          0x080001fe   Section        4  libinit2.o(.ARM.Collect$$libinit$$00000001)
    .ARM.Collect$$libinit$$00000004          0x08000202   Section        0  libinit2.o(.ARM.Collect$$libinit$$00000004)
    .ARM.Collect$$libinit$$0000000A          0x08000202   Section        0  libinit2.o(.ARM.Collect$$libinit$$0000000A)
    .ARM.Collect$$libinit$$0000000C          0x08000202   Section        0  libinit2.o(.ARM.Collect$$libinit$$0000000C)
    .ARM.Collect$$libinit$$0000000E          0x08000202   Section        0  libinit2.o(.ARM.Collect$$libinit$$0000000E)
    .ARM.Collect$$libinit$$00000011          0x08000202   Section        0  libinit2.o(.ARM.Collect$$libinit$$00000011)
    .ARM.Collect$$libinit$$00000013          0x08000202   Section        0  libinit2.o(.ARM.Collect$$libinit$$00000013)
    .ARM.Collect$$libinit$$00000015          0x08000202   Section        0  libinit2.o(.ARM.Collect$$libinit$$00000015)
    .ARM.Collect$$libinit$$00000017          0x08000202   Section        0  libinit2.o(.ARM.Collect$$libinit$$00000017)
    .ARM.Collect$$libinit$$00000019          0x08000202   Section        0  libinit2.o(.ARM.Collect$$libinit$$00000019)
    .ARM.Collect$$libinit$$0000001B          0x08000202   Section        0  libinit2.o(.ARM.Collect$$libinit$$0000001B)
    .ARM.Collect$$libinit$$0000001D          0x08000202   Section        0  libinit2.o(.ARM.Collect$$libinit$$0000001D)
    .ARM.Collect$$libinit$$0000001F          0x08000202   Section        0  libinit2.o(.ARM.Collect$$libinit$$0000001F)
    .ARM.Collect$$libinit$$00000021          0x08000202   Section        0  libinit2.o(.ARM.Collect$$libinit$$00000021)
    .ARM.Collect$$libinit$$00000023          0x08000202   Section        0  libinit2.o(.ARM.Collect$$libinit$$00000023)
    .ARM.Collect$$libinit$$00000025          0x08000202   Section        0  libinit2.o(.ARM.Collect$$libinit$$00000025)
    .ARM.Collect$$libinit$$0000002C          0x08000202   Section        0  libinit2.o(.ARM.Collect$$libinit$$0000002C)
    .ARM.Collect$$libinit$$0000002E          0x08000202   Section        0  libinit2.o(.ARM.Collect$$libinit$$0000002E)
    .ARM.Collect$$libinit$$00000030          0x08000202   Section        0  libinit2.o(.ARM.Collect$$libinit$$00000030)
    .ARM.Collect$$libinit$$00000032          0x08000202   Section        0  libinit2.o(.ARM.Collect$$libinit$$00000032)
    .ARM.Collect$$libinit$$00000033          0x08000202   Section        2  libinit2.o(.ARM.Collect$$libinit$$00000033)
    .ARM.Collect$$libshutdown$$00000000      0x08000204   Section        2  libshutdown.o(.ARM.Collect$$libshutdown$$00000000)
    .ARM.Collect$$libshutdown$$00000002      0x08000206   Section        0  libshutdown2.o(.ARM.Collect$$libshutdown$$00000002)
    .ARM.Collect$$libshutdown$$00000004      0x08000206   Section        0  libshutdown2.o(.ARM.Collect$$libshutdown$$00000004)
    .ARM.Collect$$libshutdown$$00000007      0x08000206   Section        0  libshutdown2.o(.ARM.Collect$$libshutdown$$00000007)
    .ARM.Collect$$libshutdown$$0000000A      0x08000206   Section        0  libshutdown2.o(.ARM.Collect$$libshutdown$$0000000A)
    .ARM.Collect$$libshutdown$$0000000C      0x08000206   Section        0  libshutdown2.o(.ARM.Collect$$libshutdown$$0000000C)
    .ARM.Collect$$libshutdown$$0000000F      0x08000206   Section        0  libshutdown2.o(.ARM.Collect$$libshutdown$$0000000F)
    .ARM.Collect$$libshutdown$$00000010      0x08000206   Section        2  libshutdown2.o(.ARM.Collect$$libshutdown$$00000010)
    .ARM.Collect$$rtentry$$00000000          0x08000208   Section        0  __rtentry.o(.ARM.Collect$$rtentry$$00000000)
    .ARM.Collect$$rtentry$$00000002          0x08000208   Section        0  __rtentry2.o(.ARM.Collect$$rtentry$$00000002)
    .ARM.Collect$$rtentry$$00000004          0x08000208   Section        6  __rtentry4.o(.ARM.Collect$$rtentry$$00000004)
    .ARM.Collect$$rtentry$$00000009          0x0800020e   Section        0  __rtentry2.o(.ARM.Collect$$rtentry$$00000009)
    .ARM.Collect$$rtentry$$0000000A          0x0800020e   Section        4  __rtentry2.o(.ARM.Collect$$rtentry$$0000000A)
    .ARM.Collect$$rtentry$$0000000C          0x08000212   Section        0  __rtentry2.o(.ARM.Collect$$rtentry$$0000000C)
    .ARM.Collect$$rtentry$$0000000D          0x08000212   Section        8  __rtentry2.o(.ARM.Collect$$rtentry$$0000000D)
    .ARM.Collect$$rtexit$$00000000           0x0800021a   Section        2  rtexit.o(.ARM.Collect$$rtexit$$00000000)
    .ARM.Collect$$rtexit$$00000002           0x0800021c   Section        0  rtexit2.o(.ARM.Collect$$rtexit$$00000002)
    .ARM.Collect$$rtexit$$00000003           0x0800021c   Section        4  rtexit2.o(.ARM.Collect$$rtexit$$00000003)
    .ARM.Collect$$rtexit$$00000004           0x08000220   Section        6  rtexit2.o(.ARM.Collect$$rtexit$$00000004)
    .text                                    0x08000228   Section       64  startup_stm32f407xx.o(.text)
    $v0                                      0x08000228   Number         0  startup_stm32f407xx.o(.text)
    .text                                    0x08000268   Section        2  use_no_semi_2.o(.text)
    .text                                    0x0800026a   Section      238  lludivv7m.o(.text)
    .text                                    0x08000358   Section        0  heapauxi.o(.text)
    .text                                    0x0800035e   Section        2  use_no_semi.o(.text)
    .text                                    0x08000360   Section       74  sys_stackheap_outer.o(.text)
    .text                                    0x080003aa   Section        0  exit.o(.text)
    .text                                    0x080003bc   Section        8  libspace.o(.text)
    i.BusFault_Handler                       0x080003c4   Section        0  stm32f4xx_it.o(i.BusFault_Handler)
    i.DebugMon_Handler                       0x080003c8   Section        0  stm32f4xx_it.o(i.DebugMon_Handler)
    i.Delay                                  0x080003ca   Section        0  main.o(i.Delay)
    i.HAL_DMA_Abort                          0x080003da   Section        0  stm32f4xx_hal_dma.o(i.HAL_DMA_Abort)
    i.HAL_DMA_Abort_IT                       0x08000484   Section        0  stm32f4xx_hal_dma.o(i.HAL_DMA_Abort_IT)
    i.HAL_GPIO_Init                          0x080004ac   Section        0  stm32f4xx_hal_gpio.o(i.HAL_GPIO_Init)
    i.HAL_GPIO_WritePin                      0x080006b0   Section        0  stm32f4xx_hal_gpio.o(i.HAL_GPIO_WritePin)
    i.HAL_GetREVID                           0x080006bc   Section        0  stm32f4xx_hal.o(i.HAL_GetREVID)
    i.HAL_GetTick                            0x080006c8   Section        0  stm32f4xx_hal.o(i.HAL_GetTick)
    i.HAL_IncTick                            0x080006d4   Section        0  stm32f4xx_hal.o(i.HAL_IncTick)
    i.HAL_Init                               0x080006ec   Section        0  stm32f4xx_hal.o(i.HAL_Init)
    i.HAL_InitTick                           0x0800071c   Section        0  stm32f4xx_hal.o(i.HAL_InitTick)
    i.HAL_MspInit                            0x08000768   Section        0  stm32f4xx_hal_msp.o(i.HAL_MspInit)
    i.HAL_NVIC_SetPriority                   0x0800076a   Section        0  stm32f4xx_hal_cortex.o(i.HAL_NVIC_SetPriority)
    i.HAL_NVIC_SetPriorityGrouping           0x080007e8   Section        0  stm32f4xx_hal_cortex.o(i.HAL_NVIC_SetPriorityGrouping)
    i.HAL_RCC_ClockConfig                    0x08000810   Section        0  stm32f4xx_hal_rcc.o(i.HAL_RCC_ClockConfig)
    i.HAL_RCC_GetSysClockFreq                0x08000994   Section        0  stm32f4xx_hal_rcc.o(i.HAL_RCC_GetSysClockFreq)
    i.HAL_RCC_OscConfig                      0x08000a44   Section        0  stm32f4xx_hal_rcc.o(i.HAL_RCC_OscConfig)
    i.HAL_SYSTICK_Config                     0x08000ee0   Section        0  stm32f4xx_hal_cortex.o(i.HAL_SYSTICK_Config)
    i.HAL_UARTEx_RxEventCallback             0x08000f14   Section        0  stm32f4xx_hal_uart.o(i.HAL_UARTEx_RxEventCallback)
    i.HAL_UART_ErrorCallback                 0x08000f16   Section        0  stm32f4xx_hal_uart.o(i.HAL_UART_ErrorCallback)
    i.HAL_UART_GetState                      0x08000f18   Section        0  stm32f4xx_hal_uart.o(i.HAL_UART_GetState)
    i.HAL_UART_IRQHandler                    0x08000f2c   Section        0  stm32f4xx_hal_uart.o(i.HAL_UART_IRQHandler)
    i.HAL_UART_Receive_IT                    0x0800117c   Section        0  stm32f4xx_hal_uart.o(i.HAL_UART_Receive_IT)
    i.HAL_UART_RxCpltCallback                0x080011c0   Section        0  usart.o(i.HAL_UART_RxCpltCallback)
    i.HAL_UART_TxCpltCallback                0x08001248   Section        0  stm32f4xx_hal_uart.o(i.HAL_UART_TxCpltCallback)
    i.HardFault_Handler                      0x0800124a   Section        0  stm32f4xx_it.o(i.HardFault_Handler)
    i.MemManage_Handler                      0x0800124e   Section        0  stm32f4xx_it.o(i.MemManage_Handler)
    i.NMI_Handler                            0x08001252   Section        0  stm32f4xx_it.o(i.NMI_Handler)
    i.PendSV_Handler                         0x08001254   Section        0  stm32f4xx_it.o(i.PendSV_Handler)
    i.SVC_Handler                            0x08001256   Section        0  stm32f4xx_it.o(i.SVC_Handler)
    i.Stm32_Clock_Init                       0x08001258   Section        0  sys.o(i.Stm32_Clock_Init)
    i.SysTick_Handler                        0x08001324   Section        0  stm32f4xx_it.o(i.SysTick_Handler)
    i.SystemInit                             0x0800132c   Section        0  system_stm32f4xx.o(i.SystemInit)
    i.UART_DMAAbortOnError                   0x08001390   Section        0  stm32f4xx_hal_uart.o(i.UART_DMAAbortOnError)
    UART_DMAAbortOnError                     0x08001391   Thumb Code    20  stm32f4xx_hal_uart.o(i.UART_DMAAbortOnError)
    i.UART_EndRxTransfer                     0x080013a4   Section        0  stm32f4xx_hal_uart.o(i.UART_EndRxTransfer)
    UART_EndRxTransfer                       0x080013a5   Thumb Code    54  stm32f4xx_hal_uart.o(i.UART_EndRxTransfer)
    i.UART_EndTransmit_IT                    0x080013da   Section        0  stm32f4xx_hal_uart.o(i.UART_EndTransmit_IT)
    UART_EndTransmit_IT                      0x080013db   Thumb Code    32  stm32f4xx_hal_uart.o(i.UART_EndTransmit_IT)
    i.UART_Receive_IT                        0x080013fa   Section        0  stm32f4xx_hal_uart.o(i.UART_Receive_IT)
    UART_Receive_IT                          0x080013fb   Thumb Code   190  stm32f4xx_hal_uart.o(i.UART_Receive_IT)
    i.UART_Start_Receive_IT                  0x080014b8   Section        0  stm32f4xx_hal_uart.o(i.UART_Start_Receive_IT)
    i.UART_Transmit_IT                       0x080014fe   Section        0  stm32f4xx_hal_uart.o(i.UART_Transmit_IT)
    UART_Transmit_IT                         0x080014ff   Thumb Code    96  stm32f4xx_hal_uart.o(i.UART_Transmit_IT)
    i.USART1_IRQHandler                      0x08001560   Section        0  usart.o(i.USART1_IRQHandler)
    i.UsageFault_Handler                     0x080015a0   Section        0  stm32f4xx_it.o(i.UsageFault_Handler)
    i.__NVIC_GetPriorityGrouping             0x080015a4   Section        0  stm32f4xx_hal_cortex.o(i.__NVIC_GetPriorityGrouping)
    __NVIC_GetPriorityGrouping               0x080015a5   Thumb Code    10  stm32f4xx_hal_cortex.o(i.__NVIC_GetPriorityGrouping)
    i.__NVIC_SetPriority                     0x080015b4   Section        0  stm32f4xx_hal_cortex.o(i.__NVIC_SetPriority)
    __NVIC_SetPriority                       0x080015b5   Thumb Code    32  stm32f4xx_hal_cortex.o(i.__NVIC_SetPriority)
    i._sys_exit                              0x080015dc   Section        0  usart.o(i._sys_exit)
    i.main                                   0x080015e0   Section        0  main.o(i.main)
    x$fpl$fpinit                             0x08001674   Section       10  fpinit.o(x$fpl$fpinit)
    $v0                                      0x08001674   Number         0  fpinit.o(x$fpl$fpinit)
    .constdata                               0x0800167e   Section       24  system_stm32f4xx.o(.constdata)
    .data                                    0x20000000   Section        4  system_stm32f4xx.o(.data)
    .data                                    0x20000004   Section        7  usart.o(.data)
    .data                                    0x2000000c   Section        9  stm32f4xx_hal.o(.data)
    .bss                                     0x20000018   Section      268  usart.o(.bss)
    .bss                                     0x20000124   Section       96  libspace.o(.bss)
    HEAP                                     0x20000188   Section      512  startup_stm32f407xx.o(HEAP)
    Heap_Mem                                 0x20000188   Data         512  startup_stm32f407xx.o(HEAP)
    STACK                                    0x20000388   Section     1024  startup_stm32f407xx.o(STACK)
    Stack_Mem                                0x20000388   Data        1024  startup_stm32f407xx.o(STACK)
    __initial_sp                             0x20000788   Data           0  startup_stm32f407xx.o(STACK)

    Global Symbols

    Symbol Name                              Value     Ov Type        Size  Object(Section)

    BuildAttributes$$THM_ISAv4$E$P$D$K$B$S$7EM$VFPi3$EXTD16$VFPS$VFMA$PE$A:L22UL41UL21$X:L11$S22US41US21$IEEE1$IW$USESV6$~STKCKD$USESV7$~SHL$OSPACE$ROPI$EBA8$UX$STANDARDLIB$REQ8$PRES8$EABIv2 0x00000000   Number         0  anon$$obj.o ABSOLUTE
    __ARM_use_no_argv                        0x00000000   Number         0  main.o ABSOLUTE
    __ARM_exceptions_init                     - Undefined Weak Reference
    __alloca_initialize                       - Undefined Weak Reference
    __arm_preinit_                            - Undefined Weak Reference
    __cpp_initialize__aeabi_                  - Undefined Weak Reference
    __cxa_finalize                            - Undefined Weak Reference
    __rt_locale                               - Undefined Weak Reference
    __sigvec_lookup                           - Undefined Weak Reference
    _atexit_init                              - Undefined Weak Reference
    _call_atexit_fns                          - Undefined Weak Reference
    _clock_init                               - Undefined Weak Reference
    _fp_trap_init                             - Undefined Weak Reference
    _fp_trap_shutdown                         - Undefined Weak Reference
    _get_lc_collate                           - Undefined Weak Reference
    _get_lc_ctype                             - Undefined Weak Reference
    _get_lc_monetary                          - Undefined Weak Reference
    _get_lc_numeric                           - Undefined Weak Reference
    _get_lc_time                              - Undefined Weak Reference
    _getenv_init                              - Undefined Weak Reference
    _handle_redirection                       - Undefined Weak Reference
    _init_alloc                               - Undefined Weak Reference
    _init_user_alloc                          - Undefined Weak Reference
    _initio                                   - Undefined Weak Reference
    _rand_init                                - Undefined Weak Reference
    _signal_finish                            - Undefined Weak Reference
    _signal_init                              - Undefined Weak Reference
    _terminate_alloc                          - Undefined Weak Reference
    _terminate_user_alloc                     - Undefined Weak Reference
    _terminateio                              - Undefined Weak Reference
    __Vectors_Size                           0x00000188   Number         0  startup_stm32f407xx.o ABSOLUTE
    __Vectors                                0x08000000   Data           4  startup_stm32f407xx.o(RESET)
    __Vectors_End                            0x08000188   Data           0  startup_stm32f407xx.o(RESET)
    __main                                   0x08000189   Thumb Code     8  __main.o(!!!main)
    __scatterload                            0x08000191   Thumb Code     0  __scatter.o(!!!scatter)
    __scatterload_rt2                        0x08000191   Thumb Code    44  __scatter.o(!!!scatter)
    __scatterload_rt2_thumb_only             0x08000191   Thumb Code     0  __scatter.o(!!!scatter)
    __scatterload_null                       0x0800019f   Thumb Code     0  __scatter.o(!!!scatter)
    __scatterload_copy                       0x080001c5   Thumb Code    26  __scatter_copy.o(!!handler_copy)
    __scatterload_zeroinit                   0x080001e1   Thumb Code    28  __scatter_zi.o(!!handler_zi)
    __rt_lib_init                            0x080001fd   Thumb Code     0  libinit.o(.ARM.Collect$$libinit$$00000000)
    __rt_lib_init_fp_1                       0x080001ff   Thumb Code     0  libinit2.o(.ARM.Collect$$libinit$$00000001)
    __rt_lib_init_alloca_1                   0x08000203   Thumb Code     0  libinit2.o(.ARM.Collect$$libinit$$0000002E)
    __rt_lib_init_argv_1                     0x08000203   Thumb Code     0  libinit2.o(.ARM.Collect$$libinit$$0000002C)
    __rt_lib_init_atexit_1                   0x08000203   Thumb Code     0  libinit2.o(.ARM.Collect$$libinit$$0000001B)
    __rt_lib_init_clock_1                    0x08000203   Thumb Code     0  libinit2.o(.ARM.Collect$$libinit$$00000021)
    __rt_lib_init_cpp_1                      0x08000203   Thumb Code     0  libinit2.o(.ARM.Collect$$libinit$$00000032)
    __rt_lib_init_exceptions_1               0x08000203   Thumb Code     0  libinit2.o(.ARM.Collect$$libinit$$00000030)
    __rt_lib_init_fp_trap_1                  0x08000203   Thumb Code     0  libinit2.o(.ARM.Collect$$libinit$$0000001F)
    __rt_lib_init_getenv_1                   0x08000203   Thumb Code     0  libinit2.o(.ARM.Collect$$libinit$$00000023)
    __rt_lib_init_heap_1                     0x08000203   Thumb Code     0  libinit2.o(.ARM.Collect$$libinit$$0000000A)
    __rt_lib_init_lc_collate_1               0x08000203   Thumb Code     0  libinit2.o(.ARM.Collect$$libinit$$00000011)
    __rt_lib_init_lc_ctype_1                 0x08000203   Thumb Code     0  libinit2.o(.ARM.Collect$$libinit$$00000013)
    __rt_lib_init_lc_monetary_1              0x08000203   Thumb Code     0  libinit2.o(.ARM.Collect$$libinit$$00000015)
    __rt_lib_init_lc_numeric_1               0x08000203   Thumb Code     0  libinit2.o(.ARM.Collect$$libinit$$00000017)
    __rt_lib_init_lc_time_1                  0x08000203   Thumb Code     0  libinit2.o(.ARM.Collect$$libinit$$00000019)
    __rt_lib_init_preinit_1                  0x08000203   Thumb Code     0  libinit2.o(.ARM.Collect$$libinit$$00000004)
    __rt_lib_init_rand_1                     0x08000203   Thumb Code     0  libinit2.o(.ARM.Collect$$libinit$$0000000E)
    __rt_lib_init_return                     0x08000203   Thumb Code     0  libinit2.o(.ARM.Collect$$libinit$$00000033)
    __rt_lib_init_signal_1                   0x08000203   Thumb Code     0  libinit2.o(.ARM.Collect$$libinit$$0000001D)
    __rt_lib_init_stdio_1                    0x08000203   Thumb Code     0  libinit2.o(.ARM.Collect$$libinit$$00000025)
    __rt_lib_init_user_alloc_1               0x08000203   Thumb Code     0  libinit2.o(.ARM.Collect$$libinit$$0000000C)
    __rt_lib_shutdown                        0x08000205   Thumb Code     0  libshutdown.o(.ARM.Collect$$libshutdown$$00000000)
    __rt_lib_shutdown_cpp_1                  0x08000207   Thumb Code     0  libshutdown2.o(.ARM.Collect$$libshutdown$$00000002)
    __rt_lib_shutdown_fp_trap_1              0x08000207   Thumb Code     0  libshutdown2.o(.ARM.Collect$$libshutdown$$00000007)
    __rt_lib_shutdown_heap_1                 0x08000207   Thumb Code     0  libshutdown2.o(.ARM.Collect$$libshutdown$$0000000F)
    __rt_lib_shutdown_return                 0x08000207   Thumb Code     0  libshutdown2.o(.ARM.Collect$$libshutdown$$00000010)
    __rt_lib_shutdown_signal_1               0x08000207   Thumb Code     0  libshutdown2.o(.ARM.Collect$$libshutdown$$0000000A)
    __rt_lib_shutdown_stdio_1                0x08000207   Thumb Code     0  libshutdown2.o(.ARM.Collect$$libshutdown$$00000004)
    __rt_lib_shutdown_user_alloc_1           0x08000207   Thumb Code     0  libshutdown2.o(.ARM.Collect$$libshutdown$$0000000C)
    __rt_entry                               0x08000209   Thumb Code     0  __rtentry.o(.ARM.Collect$$rtentry$$00000000)
    __rt_entry_presh_1                       0x08000209   Thumb Code     0  __rtentry2.o(.ARM.Collect$$rtentry$$00000002)
    __rt_entry_sh                            0x08000209   Thumb Code     0  __rtentry4.o(.ARM.Collect$$rtentry$$00000004)
    __rt_entry_li                            0x0800020f   Thumb Code     0  __rtentry2.o(.ARM.Collect$$rtentry$$0000000A)
    __rt_entry_postsh_1                      0x0800020f   Thumb Code     0  __rtentry2.o(.ARM.Collect$$rtentry$$00000009)
    __rt_entry_main                          0x08000213   Thumb Code     0  __rtentry2.o(.ARM.Collect$$rtentry$$0000000D)
    __rt_entry_postli_1                      0x08000213   Thumb Code     0  __rtentry2.o(.ARM.Collect$$rtentry$$0000000C)
    __rt_exit                                0x0800021b   Thumb Code     0  rtexit.o(.ARM.Collect$$rtexit$$00000000)
    __rt_exit_ls                             0x0800021d   Thumb Code     0  rtexit2.o(.ARM.Collect$$rtexit$$00000003)
    __rt_exit_prels_1                        0x0800021d   Thumb Code     0  rtexit2.o(.ARM.Collect$$rtexit$$00000002)
    __rt_exit_exit                           0x08000221   Thumb Code     0  rtexit2.o(.ARM.Collect$$rtexit$$00000004)
    Reset_Handler                            0x08000229   Thumb Code     8  startup_stm32f407xx.o(.text)
    ADC_IRQHandler                           0x08000243   Thumb Code     0  startup_stm32f407xx.o(.text)
    CAN1_RX0_IRQHandler                      0x08000243   Thumb Code     0  startup_stm32f407xx.o(.text)
    CAN1_RX1_IRQHandler                      0x08000243   Thumb Code     0  startup_stm32f407xx.o(.text)
    CAN1_SCE_IRQHandler                      0x08000243   Thumb Code     0  startup_stm32f407xx.o(.text)
    CAN1_TX_IRQHandler                       0x08000243   Thumb Code     0  startup_stm32f407xx.o(.text)
    CAN2_RX0_IRQHandler                      0x08000243   Thumb Code     0  startup_stm32f407xx.o(.text)
    CAN2_RX1_IRQHandler                      0x08000243   Thumb Code     0  startup_stm32f407xx.o(.text)
    CAN2_SCE_IRQHandler                      0x08000243   Thumb Code     0  startup_stm32f407xx.o(.text)
    CAN2_TX_IRQHandler                       0x08000243   Thumb Code     0  startup_stm32f407xx.o(.text)
    DCMI_IRQHandler                          0x08000243   Thumb Code     0  startup_stm32f407xx.o(.text)
    DMA1_Stream0_IRQHandler                  0x08000243   Thumb Code     0  startup_stm32f407xx.o(.text)
    DMA1_Stream1_IRQHandler                  0x08000243   Thumb Code     0  startup_stm32f407xx.o(.text)
    DMA1_Stream2_IRQHandler                  0x08000243   Thumb Code     0  startup_stm32f407xx.o(.text)
    DMA1_Stream3_IRQHandler                  0x08000243   Thumb Code     0  startup_stm32f407xx.o(.text)
    DMA1_Stream4_IRQHandler                  0x08000243   Thumb Code     0  startup_stm32f407xx.o(.text)
    DMA1_Stream5_IRQHandler                  0x08000243   Thumb Code     0  startup_stm32f407xx.o(.text)
    DMA1_Stream6_IRQHandler                  0x08000243   Thumb Code     0  startup_stm32f407xx.o(.text)
    DMA1_Stream7_IRQHandler                  0x08000243   Thumb Code     0  startup_stm32f407xx.o(.text)
    DMA2_Stream0_IRQHandler                  0x08000243   Thumb Code     0  startup_stm32f407xx.o(.text)
    DMA2_Stream1_IRQHandler                  0x08000243   Thumb Code     0  startup_stm32f407xx.o(.text)
    DMA2_Stream2_IRQHandler                  0x08000243   Thumb Code     0  startup_stm32f407xx.o(.text)
    DMA2_Stream3_IRQHandler                  0x08000243   Thumb Code     0  startup_stm32f407xx.o(.text)
    DMA2_Stream4_IRQHandler                  0x08000243   Thumb Code     0  startup_stm32f407xx.o(.text)
    DMA2_Stream5_IRQHandler                  0x08000243   Thumb Code     0  startup_stm32f407xx.o(.text)
    DMA2_Stream6_IRQHandler                  0x08000243   Thumb Code     0  startup_stm32f407xx.o(.text)
    DMA2_Stream7_IRQHandler                  0x08000243   Thumb Code     0  startup_stm32f407xx.o(.text)
    ETH_IRQHandler                           0x08000243   Thumb Code     0  startup_stm32f407xx.o(.text)
    ETH_WKUP_IRQHandler                      0x08000243   Thumb Code     0  startup_stm32f407xx.o(.text)
    EXTI0_IRQHandler                         0x08000243   Thumb Code     0  startup_stm32f407xx.o(.text)
    EXTI15_10_IRQHandler                     0x08000243   Thumb Code     0  startup_stm32f407xx.o(.text)
    EXTI1_IRQHandler                         0x08000243   Thumb Code     0  startup_stm32f407xx.o(.text)
    EXTI2_IRQHandler                         0x08000243   Thumb Code     0  startup_stm32f407xx.o(.text)
    EXTI3_IRQHandler                         0x08000243   Thumb Code     0  startup_stm32f407xx.o(.text)
    EXTI4_IRQHandler                         0x08000243   Thumb Code     0  startup_stm32f407xx.o(.text)
    EXTI9_5_IRQHandler                       0x08000243   Thumb Code     0  startup_stm32f407xx.o(.text)
    FLASH_IRQHandler                         0x08000243   Thumb Code     0  startup_stm32f407xx.o(.text)
    FMC_IRQHandler                           0x08000243   Thumb Code     0  startup_stm32f407xx.o(.text)
    FPU_IRQHandler                           0x08000243   Thumb Code     0  startup_stm32f407xx.o(.text)
    HASH_RNG_IRQHandler                      0x08000243   Thumb Code     0  startup_stm32f407xx.o(.text)
    I2C1_ER_IRQHandler                       0x08000243   Thumb Code     0  startup_stm32f407xx.o(.text)
    I2C1_EV_IRQHandler                       0x08000243   Thumb Code     0  startup_stm32f407xx.o(.text)
    I2C2_ER_IRQHandler                       0x08000243   Thumb Code     0  startup_stm32f407xx.o(.text)
    I2C2_EV_IRQHandler                       0x08000243   Thumb Code     0  startup_stm32f407xx.o(.text)
    I2C3_ER_IRQHandler                       0x08000243   Thumb Code     0  startup_stm32f407xx.o(.text)
    I2C3_EV_IRQHandler                       0x08000243   Thumb Code     0  startup_stm32f407xx.o(.text)
    OTG_FS_IRQHandler                        0x08000243   Thumb Code     0  startup_stm32f407xx.o(.text)
    OTG_FS_WKUP_IRQHandler                   0x08000243   Thumb Code     0  startup_stm32f407xx.o(.text)
    OTG_HS_EP1_IN_IRQHandler                 0x08000243   Thumb Code     0  startup_stm32f407xx.o(.text)
    OTG_HS_EP1_OUT_IRQHandler                0x08000243   Thumb Code     0  startup_stm32f407xx.o(.text)
    OTG_HS_IRQHandler                        0x08000243   Thumb Code     0  startup_stm32f407xx.o(.text)
    OTG_HS_WKUP_IRQHandler                   0x08000243   Thumb Code     0  startup_stm32f407xx.o(.text)
    PVD_IRQHandler                           0x08000243   Thumb Code     0  startup_stm32f407xx.o(.text)
    RCC_IRQHandler                           0x08000243   Thumb Code     0  startup_stm32f407xx.o(.text)
    RTC_Alarm_IRQHandler                     0x08000243   Thumb Code     0  startup_stm32f407xx.o(.text)
    RTC_WKUP_IRQHandler                      0x08000243   Thumb Code     0  startup_stm32f407xx.o(.text)
    SDIO_IRQHandler                          0x08000243   Thumb Code     0  startup_stm32f407xx.o(.text)
    SPI1_IRQHandler                          0x08000243   Thumb Code     0  startup_stm32f407xx.o(.text)
    SPI2_IRQHandler                          0x08000243   Thumb Code     0  startup_stm32f407xx.o(.text)
    SPI3_IRQHandler                          0x08000243   Thumb Code     0  startup_stm32f407xx.o(.text)
    TAMP_STAMP_IRQHandler                    0x08000243   Thumb Code     0  startup_stm32f407xx.o(.text)
    TIM1_BRK_TIM9_IRQHandler                 0x08000243   Thumb Code     0  startup_stm32f407xx.o(.text)
    TIM1_CC_IRQHandler                       0x08000243   Thumb Code     0  startup_stm32f407xx.o(.text)
    TIM1_TRG_COM_TIM11_IRQHandler            0x08000243   Thumb Code     0  startup_stm32f407xx.o(.text)
    TIM1_UP_TIM10_IRQHandler                 0x08000243   Thumb Code     0  startup_stm32f407xx.o(.text)
    TIM2_IRQHandler                          0x08000243   Thumb Code     0  startup_stm32f407xx.o(.text)
    TIM3_IRQHandler                          0x08000243   Thumb Code     0  startup_stm32f407xx.o(.text)
    TIM4_IRQHandler                          0x08000243   Thumb Code     0  startup_stm32f407xx.o(.text)
    TIM5_IRQHandler                          0x08000243   Thumb Code     0  startup_stm32f407xx.o(.text)
    TIM6_DAC_IRQHandler                      0x08000243   Thumb Code     0  startup_stm32f407xx.o(.text)
    TIM7_IRQHandler                          0x08000243   Thumb Code     0  startup_stm32f407xx.o(.text)
    TIM8_BRK_TIM12_IRQHandler                0x08000243   Thumb Code     0  startup_stm32f407xx.o(.text)
    TIM8_CC_IRQHandler                       0x08000243   Thumb Code     0  startup_stm32f407xx.o(.text)
    TIM8_TRG_COM_TIM14_IRQHandler            0x08000243   Thumb Code     0  startup_stm32f407xx.o(.text)
    TIM8_UP_TIM13_IRQHandler                 0x08000243   Thumb Code     0  startup_stm32f407xx.o(.text)
    UART4_IRQHandler                         0x08000243   Thumb Code     0  startup_stm32f407xx.o(.text)
    UART5_IRQHandler                         0x08000243   Thumb Code     0  startup_stm32f407xx.o(.text)
    USART2_IRQHandler                        0x08000243   Thumb Code     0  startup_stm32f407xx.o(.text)
    USART3_IRQHandler                        0x08000243   Thumb Code     0  startup_stm32f407xx.o(.text)
    USART6_IRQHandler                        0x08000243   Thumb Code     0  startup_stm32f407xx.o(.text)
    WWDG_IRQHandler                          0x08000243   Thumb Code     0  startup_stm32f407xx.o(.text)
    __user_initial_stackheap                 0x08000245   Thumb Code     0  startup_stm32f407xx.o(.text)
    __use_no_semihosting                     0x08000269   Thumb Code     2  use_no_semi_2.o(.text)
    __aeabi_uldivmod                         0x0800026b   Thumb Code     0  lludivv7m.o(.text)
    _ll_udiv                                 0x0800026b   Thumb Code   238  lludivv7m.o(.text)
    __use_two_region_memory                  0x08000359   Thumb Code     2  heapauxi.o(.text)
    __rt_heap_escrow$2region                 0x0800035b   Thumb Code     2  heapauxi.o(.text)
    __rt_heap_expand$2region                 0x0800035d   Thumb Code     2  heapauxi.o(.text)
    __I$use$semihosting                      0x0800035f   Thumb Code     0  use_no_semi.o(.text)
    __use_no_semihosting_swi                 0x0800035f   Thumb Code     2  use_no_semi.o(.text)
    __user_setup_stackheap                   0x08000361   Thumb Code    74  sys_stackheap_outer.o(.text)
    exit                                     0x080003ab   Thumb Code    18  exit.o(.text)
    __user_libspace                          0x080003bd   Thumb Code     8  libspace.o(.text)
    __user_perproc_libspace                  0x080003bd   Thumb Code     0  libspace.o(.text)
    __user_perthread_libspace                0x080003bd   Thumb Code     0  libspace.o(.text)
    BusFault_Handler                         0x080003c5   Thumb Code     4  stm32f4xx_it.o(i.BusFault_Handler)
    DebugMon_Handler                         0x080003c9   Thumb Code     2  stm32f4xx_it.o(i.DebugMon_Handler)
    Delay                                    0x080003cb   Thumb Code    16  main.o(i.Delay)
    HAL_DMA_Abort                            0x080003db   Thumb Code   170  stm32f4xx_hal_dma.o(i.HAL_DMA_Abort)
    HAL_DMA_Abort_IT                         0x08000485   Thumb Code    40  stm32f4xx_hal_dma.o(i.HAL_DMA_Abort_IT)
    HAL_GPIO_Init                            0x080004ad   Thumb Code   470  stm32f4xx_hal_gpio.o(i.HAL_GPIO_Init)
    HAL_GPIO_WritePin                        0x080006b1   Thumb Code    12  stm32f4xx_hal_gpio.o(i.HAL_GPIO_WritePin)
    HAL_GetREVID                             0x080006bd   Thumb Code     8  stm32f4xx_hal.o(i.HAL_GetREVID)
    HAL_GetTick                              0x080006c9   Thumb Code     6  stm32f4xx_hal.o(i.HAL_GetTick)
    HAL_IncTick                              0x080006d5   Thumb Code    16  stm32f4xx_hal.o(i.HAL_IncTick)
    HAL_Init                                 0x080006ed   Thumb Code    44  stm32f4xx_hal.o(i.HAL_Init)
    HAL_InitTick                             0x0800071d   Thumb Code    64  stm32f4xx_hal.o(i.HAL_InitTick)
    HAL_MspInit                              0x08000769   Thumb Code     2  stm32f4xx_hal_msp.o(i.HAL_MspInit)
    HAL_NVIC_SetPriority                     0x0800076b   Thumb Code   124  stm32f4xx_hal_cortex.o(i.HAL_NVIC_SetPriority)
    HAL_NVIC_SetPriorityGrouping             0x080007e9   Thumb Code    32  stm32f4xx_hal_cortex.o(i.HAL_NVIC_SetPriorityGrouping)
    HAL_RCC_ClockConfig                      0x08000811   Thumb Code   368  stm32f4xx_hal_rcc.o(i.HAL_RCC_ClockConfig)
    HAL_RCC_GetSysClockFreq                  0x08000995   Thumb Code   162  stm32f4xx_hal_rcc.o(i.HAL_RCC_GetSysClockFreq)
    HAL_RCC_OscConfig                        0x08000a45   Thumb Code  1172  stm32f4xx_hal_rcc.o(i.HAL_RCC_OscConfig)
    HAL_SYSTICK_Config                       0x08000ee1   Thumb Code    52  stm32f4xx_hal_cortex.o(i.HAL_SYSTICK_Config)
    HAL_UARTEx_RxEventCallback               0x08000f15   Thumb Code     2  stm32f4xx_hal_uart.o(i.HAL_UARTEx_RxEventCallback)
    HAL_UART_ErrorCallback                   0x08000f17   Thumb Code     2  stm32f4xx_hal_uart.o(i.HAL_UART_ErrorCallback)
    HAL_UART_GetState                        0x08000f19   Thumb Code    20  stm32f4xx_hal_uart.o(i.HAL_UART_GetState)
    HAL_UART_IRQHandler                      0x08000f2d   Thumb Code   586  stm32f4xx_hal_uart.o(i.HAL_UART_IRQHandler)
    HAL_UART_Receive_IT                      0x0800117d   Thumb Code    66  stm32f4xx_hal_uart.o(i.HAL_UART_Receive_IT)
    HAL_UART_RxCpltCallback                  0x080011c1   Thumb Code   120  usart.o(i.HAL_UART_RxCpltCallback)
    HAL_UART_TxCpltCallback                  0x08001249   Thumb Code     2  stm32f4xx_hal_uart.o(i.HAL_UART_TxCpltCallback)
    HardFault_Handler                        0x0800124b   Thumb Code     4  stm32f4xx_it.o(i.HardFault_Handler)
    MemManage_Handler                        0x0800124f   Thumb Code     4  stm32f4xx_it.o(i.MemManage_Handler)
    NMI_Handler                              0x08001253   Thumb Code     2  stm32f4xx_it.o(i.NMI_Handler)
    PendSV_Handler                           0x08001255   Thumb Code     2  stm32f4xx_it.o(i.PendSV_Handler)
    SVC_Handler                              0x08001257   Thumb Code     2  stm32f4xx_it.o(i.SVC_Handler)
    Stm32_Clock_Init                         0x08001259   Thumb Code   190  sys.o(i.Stm32_Clock_Init)
    SysTick_Handler                          0x08001325   Thumb Code     8  stm32f4xx_it.o(i.SysTick_Handler)
    SystemInit                               0x0800132d   Thumb Code    82  system_stm32f4xx.o(i.SystemInit)
    UART_Start_Receive_IT                    0x080014b9   Thumb Code    70  stm32f4xx_hal_uart.o(i.UART_Start_Receive_IT)
    USART1_IRQHandler                        0x08001561   Thumb Code    56  usart.o(i.USART1_IRQHandler)
    UsageFault_Handler                       0x080015a1   Thumb Code     4  stm32f4xx_it.o(i.UsageFault_Handler)
    _sys_exit                                0x080015dd   Thumb Code     4  usart.o(i._sys_exit)
    main                                     0x080015e1   Thumb Code   136  main.o(i.main)
    _fp_init                                 0x08001675   Thumb Code    10  fpinit.o(x$fpl$fpinit)
    __fplib_config_fpu_vfp                   0x0800167d   Thumb Code     0  fpinit.o(x$fpl$fpinit)
    __fplib_config_pureend_doubles           0x0800167d   Thumb Code     0  fpinit.o(x$fpl$fpinit)
    AHBPrescTable                            0x0800167e   Data          16  system_stm32f4xx.o(.constdata)
    APBPrescTable                            0x0800168e   Data           8  system_stm32f4xx.o(.constdata)
    Region$$Table$$Base                      0x08001698   Number         0  anon$$obj.o(Region$$Table)
    Region$$Table$$Limit                     0x080016b8   Number         0  anon$$obj.o(Region$$Table)
    SystemCoreClock                          0x20000000   Data           4  system_stm32f4xx.o(.data)
    __stdout                                 0x20000004   Data           4  usart.o(.data)
    USART_RX_STA                             0x20000008   Data           2  usart.o(.data)
    aRxBuffer                                0x2000000a   Data           1  usart.o(.data)
    uwTick                                   0x2000000c   Data           4  stm32f4xx_hal.o(.data)
    uwTickPrio                               0x20000010   Data           4  stm32f4xx_hal.o(.data)
    uwTickFreq                               0x20000014   Data           1  stm32f4xx_hal.o(.data)
    USART_RX_BUF                             0x20000018   Data         200  usart.o(.bss)
    UART1_Handler                            0x200000e0   Data          68  usart.o(.bss)
    __libspace_start                         0x20000124   Data          96  libspace.o(.bss)
    __temporary_stack_top$libspace           0x20000184   Data           0  libspace.o(.bss)



==============================================================================

Memory Map of the image

  Image Entry point : 0x08000189

  Load Region LR_IROM1 (Base: 0x08000000, Size: 0x000016d0, Max: 0x00080000, ABSOLUTE)

    Execution Region ER_IROM1 (Base: 0x08000000, Size: 0x000016b8, Max: 0x00080000, ABSOLUTE)

    Base Addr    Size         Type   Attr      Idx    E Section Name        Object

    0x08000000   0x00000188   Data   RO          615    RESET               startup_stm32f407xx.o
    0x08000188   0x00000008   Code   RO         9122  * !!!main             c_w.l(__main.o)
    0x08000190   0x00000034   Code   RO         9287    !!!scatter          c_w.l(__scatter.o)
    0x080001c4   0x0000001a   Code   RO         9289    !!handler_copy      c_w.l(__scatter_copy.o)
    0x080001de   0x00000002   PAD
    0x080001e0   0x0000001c   Code   RO         9291    !!handler_zi        c_w.l(__scatter_zi.o)
    0x080001fc   0x00000002   Code   RO         9161    .ARM.Collect$$libinit$$00000000  c_w.l(libinit.o)
    0x080001fe   0x00000004   Code   RO         9173    .ARM.Collect$$libinit$$00000001  c_w.l(libinit2.o)
    0x08000202   0x00000000   Code   RO         9176    .ARM.Collect$$libinit$$00000004  c_w.l(libinit2.o)
    0x08000202   0x00000000   Code   RO         9179    .ARM.Collect$$libinit$$0000000A  c_w.l(libinit2.o)
    0x08000202   0x00000000   Code   RO         9181    .ARM.Collect$$libinit$$0000000C  c_w.l(libinit2.o)
    0x08000202   0x00000000   Code   RO         9183    .ARM.Collect$$libinit$$0000000E  c_w.l(libinit2.o)
    0x08000202   0x00000000   Code   RO         9186    .ARM.Collect$$libinit$$00000011  c_w.l(libinit2.o)
    0x08000202   0x00000000   Code   RO         9188    .ARM.Collect$$libinit$$00000013  c_w.l(libinit2.o)
    0x08000202   0x00000000   Code   RO         9190    .ARM.Collect$$libinit$$00000015  c_w.l(libinit2.o)
    0x08000202   0x00000000   Code   RO         9192    .ARM.Collect$$libinit$$00000017  c_w.l(libinit2.o)
    0x08000202   0x00000000   Code   RO         9194    .ARM.Collect$$libinit$$00000019  c_w.l(libinit2.o)
    0x08000202   0x00000000   Code   RO         9196    .ARM.Collect$$libinit$$0000001B  c_w.l(libinit2.o)
    0x08000202   0x00000000   Code   RO         9198    .ARM.Collect$$libinit$$0000001D  c_w.l(libinit2.o)
    0x08000202   0x00000000   Code   RO         9200    .ARM.Collect$$libinit$$0000001F  c_w.l(libinit2.o)
    0x08000202   0x00000000   Code   RO         9202    .ARM.Collect$$libinit$$00000021  c_w.l(libinit2.o)
    0x08000202   0x00000000   Code   RO         9204    .ARM.Collect$$libinit$$00000023  c_w.l(libinit2.o)
    0x08000202   0x00000000   Code   RO         9206    .ARM.Collect$$libinit$$00000025  c_w.l(libinit2.o)
    0x08000202   0x00000000   Code   RO         9210    .ARM.Collect$$libinit$$0000002C  c_w.l(libinit2.o)
    0x08000202   0x00000000   Code   RO         9212    .ARM.Collect$$libinit$$0000002E  c_w.l(libinit2.o)
    0x08000202   0x00000000   Code   RO         9214    .ARM.Collect$$libinit$$00000030  c_w.l(libinit2.o)
    0x08000202   0x00000000   Code   RO         9216    .ARM.Collect$$libinit$$00000032  c_w.l(libinit2.o)
    0x08000202   0x00000002   Code   RO         9217    .ARM.Collect$$libinit$$00000033  c_w.l(libinit2.o)
    0x08000204   0x00000002   Code   RO         9243    .ARM.Collect$$libshutdown$$00000000  c_w.l(libshutdown.o)
    0x08000206   0x00000000   Code   RO         9270    .ARM.Collect$$libshutdown$$00000002  c_w.l(libshutdown2.o)
    0x08000206   0x00000000   Code   RO         9272    .ARM.Collect$$libshutdown$$00000004  c_w.l(libshutdown2.o)
    0x08000206   0x00000000   Code   RO         9275    .ARM.Collect$$libshutdown$$00000007  c_w.l(libshutdown2.o)
    0x08000206   0x00000000   Code   RO         9278    .ARM.Collect$$libshutdown$$0000000A  c_w.l(libshutdown2.o)
    0x08000206   0x00000000   Code   RO         9280    .ARM.Collect$$libshutdown$$0000000C  c_w.l(libshutdown2.o)
    0x08000206   0x00000000   Code   RO         9283    .ARM.Collect$$libshutdown$$0000000F  c_w.l(libshutdown2.o)
    0x08000206   0x00000002   Code   RO         9284    .ARM.Collect$$libshutdown$$00000010  c_w.l(libshutdown2.o)
    0x08000208   0x00000000   Code   RO         9126    .ARM.Collect$$rtentry$$00000000  c_w.l(__rtentry.o)
    0x08000208   0x00000000   Code   RO         9132    .ARM.Collect$$rtentry$$00000002  c_w.l(__rtentry2.o)
    0x08000208   0x00000006   Code   RO         9144    .ARM.Collect$$rtentry$$00000004  c_w.l(__rtentry4.o)
    0x0800020e   0x00000000   Code   RO         9134    .ARM.Collect$$rtentry$$00000009  c_w.l(__rtentry2.o)
    0x0800020e   0x00000004   Code   RO         9135    .ARM.Collect$$rtentry$$0000000A  c_w.l(__rtentry2.o)
    0x08000212   0x00000000   Code   RO         9137    .ARM.Collect$$rtentry$$0000000C  c_w.l(__rtentry2.o)
    0x08000212   0x00000008   Code   RO         9138    .ARM.Collect$$rtentry$$0000000D  c_w.l(__rtentry2.o)
    0x0800021a   0x00000002   Code   RO         9165    .ARM.Collect$$rtexit$$00000000  c_w.l(rtexit.o)
    0x0800021c   0x00000000   Code   RO         9219    .ARM.Collect$$rtexit$$00000002  c_w.l(rtexit2.o)
    0x0800021c   0x00000004   Code   RO         9220    .ARM.Collect$$rtexit$$00000003  c_w.l(rtexit2.o)
    0x08000220   0x00000006   Code   RO         9221    .ARM.Collect$$rtexit$$00000004  c_w.l(rtexit2.o)
    0x08000226   0x00000002   PAD
    0x08000228   0x00000040   Code   RO          616    .text               startup_stm32f407xx.o
    0x08000268   0x00000002   Code   RO         9114    .text               c_w.l(use_no_semi_2.o)
    0x0800026a   0x000000ee   Code   RO         9116    .text               c_w.l(lludivv7m.o)
    0x08000358   0x00000006   Code   RO         9120    .text               c_w.l(heapauxi.o)
    0x0800035e   0x00000002   Code   RO         9124    .text               c_w.l(use_no_semi.o)
    0x08000360   0x0000004a   Code   RO         9148    .text               c_w.l(sys_stackheap_outer.o)
    0x080003aa   0x00000012   Code   RO         9150    .text               c_w.l(exit.o)
    0x080003bc   0x00000008   Code   RO         9162    .text               c_w.l(libspace.o)
    0x080003c4   0x00000004   Code   RO          279    i.BusFault_Handler  stm32f4xx_it.o
    0x080003c8   0x00000002   Code   RO          280    i.DebugMon_Handler  stm32f4xx_it.o
    0x080003ca   0x00000010   Code   RO            4    i.Delay             main.o
    0x080003da   0x000000aa   Code   RO         1999    i.HAL_DMA_Abort     stm32f4xx_hal_dma.o
    0x08000484   0x00000028   Code   RO         2000    i.HAL_DMA_Abort_IT  stm32f4xx_hal_dma.o
    0x080004ac   0x00000204   Code   RO         2585    i.HAL_GPIO_Init     stm32f4xx_hal_gpio.o
    0x080006b0   0x0000000c   Code   RO         2589    i.HAL_GPIO_WritePin  stm32f4xx_hal_gpio.o
    0x080006bc   0x0000000c   Code   RO          635    i.HAL_GetREVID      stm32f4xx_hal.o
    0x080006c8   0x0000000c   Code   RO          636    i.HAL_GetTick       stm32f4xx_hal.o
    0x080006d4   0x00000018   Code   RO          642    i.HAL_IncTick       stm32f4xx_hal.o
    0x080006ec   0x00000030   Code   RO          643    i.HAL_Init          stm32f4xx_hal.o
    0x0800071c   0x0000004c   Code   RO          644    i.HAL_InitTick      stm32f4xx_hal.o
    0x08000768   0x00000002   Code   RO          250    i.HAL_MspInit       stm32f4xx_hal_msp.o
    0x0800076a   0x0000007c   Code   RO         1347    i.HAL_NVIC_SetPriority  stm32f4xx_hal_cortex.o
    0x080007e6   0x00000002   PAD
    0x080007e8   0x00000028   Code   RO         1348    i.HAL_NVIC_SetPriorityGrouping  stm32f4xx_hal_cortex.o
    0x08000810   0x00000184   Code   RO         4864    i.HAL_RCC_ClockConfig  stm32f4xx_hal_rcc.o
    0x08000994   0x000000b0   Code   RO         4873    i.HAL_RCC_GetSysClockFreq  stm32f4xx_hal_rcc.o
    0x08000a44   0x0000049c   Code   RO         4876    i.HAL_RCC_OscConfig  stm32f4xx_hal_rcc.o
    0x08000ee0   0x00000034   Code   RO         1352    i.HAL_SYSTICK_Config  stm32f4xx_hal_cortex.o
    0x08000f14   0x00000002   Code   RO         7562    i.HAL_UARTEx_RxEventCallback  stm32f4xx_hal_uart.o
    0x08000f16   0x00000002   Code   RO         7576    i.HAL_UART_ErrorCallback  stm32f4xx_hal_uart.o
    0x08000f18   0x00000014   Code   RO         7578    i.HAL_UART_GetState  stm32f4xx_hal_uart.o
    0x08000f2c   0x00000250   Code   RO         7579    i.HAL_UART_IRQHandler  stm32f4xx_hal_uart.o
    0x0800117c   0x00000042   Code   RO         7585    i.HAL_UART_Receive_IT  stm32f4xx_hal_uart.o
    0x080011be   0x00000002   PAD
    0x080011c0   0x00000088   Code   RO          552    i.HAL_UART_RxCpltCallback  usart.o
    0x08001248   0x00000002   Code   RO         7591    i.HAL_UART_TxCpltCallback  stm32f4xx_hal_uart.o
    0x0800124a   0x00000004   Code   RO          281    i.HardFault_Handler  stm32f4xx_it.o
    0x0800124e   0x00000004   Code   RO          282    i.MemManage_Handler  stm32f4xx_it.o
    0x08001252   0x00000002   Code   RO          283    i.NMI_Handler       stm32f4xx_it.o
    0x08001254   0x00000002   Code   RO          284    i.PendSV_Handler    stm32f4xx_it.o
    0x08001256   0x00000002   Code   RO          285    i.SVC_Handler       stm32f4xx_it.o
    0x08001258   0x000000cc   Code   RO          524    i.Stm32_Clock_Init  sys.o
    0x08001324   0x00000008   Code   RO          286    i.SysTick_Handler   stm32f4xx_it.o
    0x0800132c   0x00000064   Code   RO          358    i.SystemInit        system_stm32f4xx.o
    0x08001390   0x00000014   Code   RO         7593    i.UART_DMAAbortOnError  stm32f4xx_hal_uart.o
    0x080013a4   0x00000036   Code   RO         7603    i.UART_EndRxTransfer  stm32f4xx_hal_uart.o
    0x080013da   0x00000020   Code   RO         7604    i.UART_EndTransmit_IT  stm32f4xx_hal_uart.o
    0x080013fa   0x000000be   Code   RO         7606    i.UART_Receive_IT   stm32f4xx_hal_uart.o
    0x080014b8   0x00000046   Code   RO         7609    i.UART_Start_Receive_IT  stm32f4xx_hal_uart.o
    0x080014fe   0x00000060   Code   RO         7610    i.UART_Transmit_IT  stm32f4xx_hal_uart.o
    0x0800155e   0x00000002   PAD
    0x08001560   0x00000040   Code   RO          553    i.USART1_IRQHandler  usart.o
    0x080015a0   0x00000004   Code   RO          287    i.UsageFault_Handler  stm32f4xx_it.o
    0x080015a4   0x00000010   Code   RO         1354    i.__NVIC_GetPriorityGrouping  stm32f4xx_hal_cortex.o
    0x080015b4   0x00000028   Code   RO         1355    i.__NVIC_SetPriority  stm32f4xx_hal_cortex.o
    0x080015dc   0x00000004   Code   RO          554    i._sys_exit         usart.o
    0x080015e0   0x00000094   Code   RO            5    i.main              main.o
    0x08001674   0x0000000a   Code   RO         9231    x$fpl$fpinit        fz_wm.l(fpinit.o)
    0x0800167e   0x00000018   Data   RO          359    .constdata          system_stm32f4xx.o
    0x08001696   0x00000002   PAD
    0x08001698   0x00000020   Data   RO         9285    Region$$Table       anon$$obj.o


    Execution Region RW_IRAM1 (Base: 0x20000000, Size: 0x00000788, Max: 0x00020000, ABSOLUTE)

    Base Addr    Size         Type   Attr      Idx    E Section Name        Object

    0x20000000   0x00000004   Data   RW          360    .data               system_stm32f4xx.o
    0x20000004   0x00000007   Data   RW          558    .data               usart.o
    0x2000000b   0x00000001   PAD
    0x2000000c   0x00000009   Data   RW          650    .data               stm32f4xx_hal.o
    0x20000015   0x00000003   PAD
    0x20000018   0x0000010c   Zero   RW          557    .bss                usart.o
    0x20000124   0x00000060   Zero   RW         9163    .bss                c_w.l(libspace.o)
    0x20000184   0x00000004   PAD
    0x20000188   0x00000200   Zero   RW          614    HEAP                startup_stm32f407xx.o
    0x20000388   0x00000400   Zero   RW          613    STACK               startup_stm32f407xx.o


==============================================================================

Image component sizes


      Code (inc. data)   RO Data    RW Data    ZI Data      Debug   Object Name

       164         12          0          0          0     659015   main.o
        64         26        392          0       1536        856   startup_stm32f407xx.o
       172         34          0          9          0       9176   stm32f4xx_hal.o
       272         22          0          0          0      33662   stm32f4xx_hal_cortex.o
       210          0          0          0          0       1887   stm32f4xx_hal_dma.o
       528         46          0          0          0       2040   stm32f4xx_hal_gpio.o
         2          0          0          0          0        470   stm32f4xx_hal_msp.o
      1744         58          0          0          0       3816   stm32f4xx_hal_rcc.o
      1146          6          0          0          0       8804   stm32f4xx_hal_uart.o
        32          0          0          0          0       4266   stm32f4xx_it.o
       204         14          0          0          0       1307   sys.o
       100         18         24          4          0       1167   system_stm32f4xx.o
       204         24          0          7        268       3798   usart.o

    ----------------------------------------------------------------------
      4848        260        450         24       1804     730264   Object Totals
         0          0         32          0          0          0   (incl. Generated)
         6          0          2          4          0          0   (incl. Padding)

    ----------------------------------------------------------------------

      Code (inc. data)   RO Data    RW Data    ZI Data      Debug   Library Member Name

         8          0          0          0          0         68   __main.o
         0          0          0          0          0          0   __rtentry.o
        12          0          0          0          0          0   __rtentry2.o
         6          0          0          0          0          0   __rtentry4.o
        52          8          0          0          0          0   __scatter.o
        26          0          0          0          0          0   __scatter_copy.o
        28          0          0          0          0          0   __scatter_zi.o
        18          0          0          0          0         80   exit.o
         6          0          0          0          0        152   heapauxi.o
         2          0          0          0          0          0   libinit.o
         6          0          0          0          0          0   libinit2.o
         2          0          0          0          0          0   libshutdown.o
         2          0          0          0          0          0   libshutdown2.o
         8          4          0          0         96         68   libspace.o
       238          0          0          0          0        100   lludivv7m.o
         2          0          0          0          0          0   rtexit.o
        10          0          0          0          0          0   rtexit2.o
        74          0          0          0          0         80   sys_stackheap_outer.o
         2          0          0          0          0         68   use_no_semi.o
         2          0          0          0          0         68   use_no_semi_2.o
        10          0          0          0          0        116   fpinit.o

    ----------------------------------------------------------------------
       518         12          0          0        100        800   Library Totals
         4          0          0          0          4          0   (incl. Padding)

    ----------------------------------------------------------------------

      Code (inc. data)   RO Data    RW Data    ZI Data      Debug   Library Name

       504         12          0          0         96        684   c_w.l
        10          0          0          0          0        116   fz_wm.l

    ----------------------------------------------------------------------
       518         12          0          0        100        800   Library Totals

    ----------------------------------------------------------------------

==============================================================================


      Code (inc. data)   RO Data    RW Data    ZI Data      Debug   

      5366        272        450         24       1904     726956   Grand Totals
      5366        272        450         24       1904     726956   ELF Image Totals
      5366        272        450         24          0          0   ROM Totals

==============================================================================

    Total RO  Size (Code + RO Data)                 5816 (   5.68kB)
    Total RW  Size (RW Data + ZI Data)              1928 (   1.88kB)
    Total ROM Size (Code + RO Data + RW Data)       5840 (   5.70kB)

==============================================================================

